Component: ARM Compiler 5.06 update 7 (build 960) Tool: armlink [4d3601]

==============================================================================

Section Cross References

    api_quaternion.o(i.QuaternionEKF_A_Update) refers to rt_memclr_w.o(.text) for __aeabi_memclr4
    api_quaternion.o(i.QuaternionEKF_A_Update) refers to api_quaternion.o(i.Fast_InverseSqrt) for Fast_InverseSqrt
    api_quaternion.o(i.QuaternionEKF_ChiSqrtTest) refers to arm_mat_mult_f32.o(.text) for arm_mat_mult_f32
    api_quaternion.o(i.QuaternionEKF_ChiSqrtTest) refers to arm_mat_trans_f32.o(.text) for arm_mat_trans_f32
    api_quaternion.o(i.QuaternionEKF_ChiSqrtTest) refers to rt_memcpy_w.o(.text) for __aeabi_memcpy4
    api_quaternion.o(i.QuaternionEKF_H_Update) refers to rt_memclr_w.o(.text) for __aeabi_memclr4
    api_quaternion.o(i.QuaternionEKF_Init) refers to kalman.o(i.Kalman_Filter_Init) for Kalman_Filter_Init
    api_quaternion.o(i.QuaternionEKF_Init) refers to rt_memcpy_w.o(.text) for __aeabi_memcpy4
    api_quaternion.o(i.QuaternionEKF_Init) refers to api_quaternion.o(i.QuaternionEKF_A_Update) for QuaternionEKF_A_Update
    api_quaternion.o(i.QuaternionEKF_Init) refers to api_quaternion.o(i.QuaternionEKF_H_Update) for QuaternionEKF_H_Update
    api_quaternion.o(i.QuaternionEKF_Init) refers to api_quaternion.o(i.QuaternionEKF_xhat_Update) for QuaternionEKF_xhat_Update
    api_quaternion.o(i.QuaternionEKF_Update) refers to api_quaternion.o(i.Fast_InverseSqrt) for Fast_InverseSqrt
    api_quaternion.o(i.QuaternionEKF_Update) refers to rt_memcpy_w.o(.text) for __aeabi_memcpy4
    api_quaternion.o(i.QuaternionEKF_Update) refers to kalman.o(i.Kalman_Filter_Update) for Kalman_Filter_Update
    api_quaternion.o(i.QuaternionEKF_Update) refers to atan2f.o(i.__hardfp_atan2f) for __hardfp_atan2f
    api_quaternion.o(i.QuaternionEKF_Update) refers to asinf.o(i.__hardfp_asinf) for __hardfp_asinf
    api_quaternion.o(i.QuaternionEKF_xhat_Update) refers to arm_mat_trans_f32.o(.text) for arm_mat_trans_f32
    api_quaternion.o(i.QuaternionEKF_xhat_Update) refers to arm_mat_mult_f32.o(.text) for arm_mat_mult_f32
    api_quaternion.o(i.QuaternionEKF_xhat_Update) refers to arm_mat_add_f32.o(.text) for arm_mat_add_f32
    api_quaternion.o(i.QuaternionEKF_xhat_Update) refers to arm_mat_inverse_f32.o(.text) for arm_mat_inverse_f32
    api_quaternion.o(i.QuaternionEKF_xhat_Update) refers to acosf.o(i.__hardfp_acosf) for __hardfp_acosf
    api_quaternion.o(i.QuaternionEKF_xhat_Update) refers to arm_mat_sub_f32.o(.text) for arm_mat_sub_f32
    api_quaternion.o(i.QuaternionEKF_xhat_Update) refers to api_quaternion.o(i.QuaternionEKF_ChiSqrtTest) for QuaternionEKF_ChiSqrtTest
    api_trajectory.o(i.SolveTrajectory_Transform) refers to f2d.o(x$fpl$f2d) for __aeabi_f2d
    api_trajectory.o(i.SolveTrajectory_Transform) refers to cos.o(i.__hardfp_cos) for __hardfp_cos
    api_trajectory.o(i.SolveTrajectory_Transform) refers to dmul_clz.o(x$fpl$dmul) for __aeabi_dmul
    api_trajectory.o(i.SolveTrajectory_Transform) refers to daddsub_clz.o(x$fpl$dsub) for __aeabi_dsub
    api_trajectory.o(i.SolveTrajectory_Transform) refers to d2f_clz.o(x$fpl$d2f) for __aeabi_d2f
    api_trajectory.o(i.SolveTrajectory_Transform) refers to sin.o(i.__hardfp_sin) for __hardfp_sin
    api_trajectory.o(i.SolveTrajectory_Transform) refers to fabs.o(i.__hardfp_fabs) for __hardfp_fabs
    api_trajectory.o(i.SolveTrajectory_Transform) refers to ddiv_clz.o(x$fpl$ddiv) for __aeabi_ddiv
    api_trajectory.o(i.SolveTrajectory_Transform) refers to api_trajectory.o(i.Trajectory_Picth_Update) for Trajectory_Picth_Update
    api_trajectory.o(i.SolveTrajectory_Transform) refers to atan2.o(i.__hardfp_atan2) for __hardfp_atan2
    api_trajectory.o(i.Trajectory_BulletModel) refers to f2d.o(x$fpl$f2d) for __aeabi_f2d
    api_trajectory.o(i.Trajectory_BulletModel) refers to cos.o(i.__hardfp_cos) for __hardfp_cos
    api_trajectory.o(i.Trajectory_BulletModel) refers to dmul_clz.o(x$fpl$dmul) for __aeabi_dmul
    api_trajectory.o(i.Trajectory_BulletModel) refers to exp.o(i.__hardfp_exp) for __hardfp_exp
    api_trajectory.o(i.Trajectory_BulletModel) refers to daddsub_clz.o(x$fpl$dsub) for __aeabi_dsub
    api_trajectory.o(i.Trajectory_BulletModel) refers to ddiv_clz.o(x$fpl$ddiv) for __aeabi_ddiv
    api_trajectory.o(i.Trajectory_BulletModel) refers to d2f_clz.o(x$fpl$d2f) for __aeabi_d2f
    api_trajectory.o(i.Trajectory_BulletModel) refers to arm_sin_f32.o(.text) for arm_sin_f32
    api_trajectory.o(i.Trajectory_Picth_Update) refers to f2d.o(x$fpl$f2d) for __aeabi_f2d
    api_trajectory.o(i.Trajectory_Picth_Update) refers to atan2.o(i.__hardfp_atan2) for __hardfp_atan2
    api_trajectory.o(i.Trajectory_Picth_Update) refers to d2f_clz.o(x$fpl$d2f) for __aeabi_d2f
    api_trajectory.o(i.Trajectory_Picth_Update) refers to api_trajectory.o(i.Trajectory_BulletModel) for Trajectory_BulletModel
    api_trajectory.o(i.Trajectory_Picth_Update) refers to fabs.o(i.__hardfp_fabs) for __hardfp_fabs
[...]
    __aeabi_dadd                             0x0800d255   Thumb Code     0  daddsub_clz.o(x$fpl$dadd)
    _dadd                                    0x0800d255   Thumb Code   580  daddsub_clz.o(x$fpl$dadd)
    __fpl_dcheck_NaN1                        0x0800d4a1   Thumb Code    28  dcheck1.o(x$fpl$dcheck1)
    __fpl_dcmp_Inf                           0x0800d4bd   Thumb Code    24  dcmpi.o(x$fpl$dcmpinf)
    __aeabi_ddiv                             0x0800d4d5   Thumb Code     0  ddiv_clz.o(x$fpl$ddiv)
    _ddiv                                    0x0800d4d5   Thumb Code   748  ddiv_clz.o(x$fpl$ddiv)
    __aeabi_i2d                              0x0800d851   Thumb Code     0  dflt_clz.o(x$fpl$dflt)
    _dflt                                    0x0800d851   Thumb Code    46  dflt_clz.o(x$fpl$dflt)
    __dflt_normalise                         0x0800d87f   Thumb Code    26  dflt_clz.o(x$fpl$dfltn)
    __aeabi_cdcmple                          0x0800d899   Thumb Code     0  dleqf.o(x$fpl$dleqf)
    _dcmple                                  0x0800d899   Thumb Code   120  dleqf.o(x$fpl$dleqf)
    __fpl_dcmple_InfNaN                      0x0800d8f1   Thumb Code     0  dleqf.o(x$fpl$dleqf)
    __aeabi_dmul                             0x0800d911   Thumb Code     0  dmul_clz.o(x$fpl$dmul)
    _dmul                                    0x0800d911   Thumb Code   440  dmul_clz.o(x$fpl$dmul)
    __fpl_dnaninf                            0x0800dad1   Thumb Code   258  dnaninf.o(x$fpl$dnaninf)
    __fpl_drenorm2                           0x0800dbd3   Thumb Code   106  drenorm_clz.o(x$fpl$drenorm)
    __fpl_drenorm1                           0x0800dc3d   Thumb Code     6  drenorm_clz.o(x$fpl$drenorm)
    __fpl_dretinf                            0x0800dc43   Thumb Code    12  dretinf.o(x$fpl$dretinf)
    __aeabi_cdrcmple                         0x0800dc4f   Thumb Code     0  drleqf.o(x$fpl$drleqf)
    _drcmple                                 0x0800dc4f   Thumb Code    98  drleqf.o(x$fpl$drleqf)
    __aeabi_drsub                            0x0800dcb1   Thumb Code     0  daddsub_clz.o(x$fpl$drsb)
    _drsb                                    0x0800dcb1   Thumb Code    74  daddsub_clz.o(x$fpl$drsb)
    _dsqrt                                   0x0800dd01   Thumb Code   520  dsqrt_umaalclz.o(x$fpl$dsqrt)
    __aeabi_dsub                             0x0800df09   Thumb Code     0  daddsub_clz.o(x$fpl$dsub)
    _dsub                                    0x0800df09   Thumb Code   664  daddsub_clz.o(x$fpl$dsub)
    __dunder                                 0x0800e1a5   Thumb Code   314  dunder_clz.o(x$fpl$dunder)
    __dunder_d                               0x0800e2df   Thumb Code    64  dunder_clz.o(x$fpl$dunder)
    __fpl_exception                          0x0800e321   Thumb Code   454  except.o(x$fpl$exception)
    __aeabi_f2d                              0x0800e50d   Thumb Code     0  f2d.o(x$fpl$f2d)
    _f2d                                     0x0800e50d   Thumb Code   122  f2d.o(x$fpl$f2d)
    __fpl_fnaninf                            0x0800e587   Thumb Code   242  fnaninf.o(x$fpl$fnaninf)
    _fp_init                                 0x0800e679   Thumb Code    10  fpinit.o(x$fpl$fpinit)
    __fplib_config_fpu_vfp                   0x0800e681   Thumb Code     0  fpinit.o(x$fpl$fpinit)
    __fplib_config_pureend_doubles           0x0800e681   Thumb Code     0  fpinit.o(x$fpl$fpinit)
    __fpl_fretinf                            0x0800e683   Thumb Code    10  fretinf.o(x$fpl$fretinf)
    __funder                                 0x0800e68d   Thumb Code   254  funder_clz.o(x$fpl$funder)
    __funder_d                               0x0800e78b   Thumb Code    62  funder_clz.o(x$fpl$funder)
    __ieee_status                            0x0800e7c9   Thumb Code    28  istatus.o(x$fpl$ieeestatus)
    __fpl_return_NaN                         0x0800e7e9   Thumb Code   178  retnan.o(x$fpl$retnan)
    __ARM_scalbn                             0x0800e89d   Thumb Code   270  scalbn_clz.o(x$fpl$scalbn)
    _fp_trapveneer                           0x0800e9b1   Thumb Code    36  trapv.o(x$fpl$trapveneer)
    __fpl_cmpreturn                          0x0800e9d5   Thumb Code    90  trapv.o(x$fpl$trapveneer)
    CRC8_table                               0x0800ea2e   Data         256  crc.o(.constdata)
    __I$use$fp                               0x0800ea2e   Number         0  usenofp.o(x$fpl$usenofp)
    wCRC_table                               0x0800eb2e   Data         512  crc.o(.constdata)
    AHBPrescTable                            0x0800edbc   Data          16  system_stm32f4xx.o(.constdata)
    APBPrescTable                            0x0800edcc   Data           8  system_stm32f4xx.o(.constdata)
    sinTable_f32                             0x0800eddc   Data        2052  arm_common_tables.o(.constdata)
    __mathlib_zero                           0x0800f7a8   Data           8  qnan.o(.constdata)
    Region$$Table$$Base                      0x0800f800   Number         0  anon$$obj.o(Region$$Table)
    Region$$Table$$Limit                     0x0800f820   Number         0  anon$$obj.o(Region$$Table)
    speed                                    0x2000000a   Data           2  can_task.o(.data)
    Control_Info                             0x2000000c   Data         200  control_task.o(.data)
    Left_VMC_Info                            0x200000d4   Data         176  vmc_task.o(.data)
    Right_VMC_Info                           0x20000184   Data         176  vmc_task.o(.data)
    JointTxFrame                             0x20000390   Data         144  bsp_can.o(.data)
    RMD_L9025_Right_TxFrame                  0x20000420   Data          36  bsp_can.o(.data)
    USER_CAN_RxFrameData                     0x20000448   Data           8  bsp_can.o(.data)
    CRC16_INIT                               0x20000450   Data           2  crc.o(.data)
    MiniPC_ReceivePacket                     0x20000480   Data          48  minipc.o(.data)
    RMD_Motor                                0x200004b0   Data          80  motor.o(.data)
    DJI_Motor                                0x20000500   Data         120  motor.o(.data)
    Damiao_Motor                             0x20000578   Data         224  motor.o(.data)
    Damiao_Motor_Contorl_Info                0x20000658   Data          96  motor.o(.data)
    remote_ctrl                              0x200006bc   Data          24  remote_control.o(.data)
    StartINSTaskHandle                       0x200006d4   Data           4  freertos.o(.data)
    StartDetectTaskHandle                    0x200006d8   Data           4  freertos.o(.data)
    StartControlTasHandle                    0x200006dc   Data           4  freertos.o(.data)
    StartCANTaskHandle                       0x200006e0   Data           4  freertos.o(.data)
    StartVMC_TaskHandle                      0x200006e4   Data           4  freertos.o(.data)
    SystemCoreClock                          0x200006ec   Data           4  system_stm32f4xx.o(.data)
    pxCurrentTCB                             0x200006f0   Data           4  tasks.o(.data)
    uwTickFreq                               0x20000758   Data           1  stm32f4xx_hal.o(.data)
    uwTickPrio                               0x2000075c   Data           4  stm32f4xx_hal.o(.data)
    uwTick                                   0x20000760   Data           4  stm32f4xx_hal.o(.data)
    FS_Desc                                  0x20000764   Data          28  usbd_desc.o(.data)
    USBD_LangIDDesc                          0x20000780   Data           4  usbd_desc.o(.data)
    USBD_FS_DeviceDesc                       0x20000784   Data          18  usbd_desc.o(.data)
    USBD_StringSerial                        0x20000798   Data          26  usbd_desc.o(.data)
    USBD_Interface_fops_FS                   0x200007b4   Data          20  usbd_cdc_if.o(.data)
    USBD_CDC                                 0x20000820   Data          56  usbd_cdc.o(.data)
    VMC_Rad_to_Angle_Info                    0x20000858   Data          20  vmc_task.o(.bss)
    PID_Leg_length_thrust                    0x2000086c   Data          80  vmc_task.o(.bss)
    INS_Info                                 0x200008bc   Data          72  ins_task.o(.bss)
    INS_AcceLPF2p                            0x20000904   Data          96  ins_task.o(.bss)
    TempCtrl_PID                             0x20000964   Data          80  ins_task.o(.bss)
    Quaternion_Info                          0x200009b4   Data         420  ins_task.o(.bss)
    USER_CAN_RxInstance                      0x20000b58   Data          28  bsp_can.o(.bss)
    RMD_Motor_Filterlp                       0x20000b74   Data          40  lpf.o(.bss)
    BMI088_Info                              0x20000b9c   Data          60  bmi088.o(.bss)
    REFEREE_MultiRx_Buf                      0x20000bd8   Data         200  referee_info.o(.bss)
    Referee_Info                             0x20000ca0   Data          53  referee_info.o(.bss)
    SBUS_MultiRx_Buf                         0x20000cd5   Data          72  remote_control.o(.bss)
    hcan1                                    0x20001174   Data          40  can.o(.bss)
    hcan2                                    0x2000119c   Data          40  can.o(.bss)
    hspi1                                    0x200011c4   Data          88  spi.o(.bss)
    htim4                                    0x2000121c   Data          72  tim.o(.bss)
    htim10                                   0x20001264   Data          72  tim.o(.bss)
    huart1                                   0x200012ac   Data          68  usart.o(.bss)
    huart3                                   0x200012f0   Data          68  usart.o(.bss)
    hdma_usart1_rx                           0x20001334   Data          96  usart.o(.bss)
    hdma_usart1_tx                           0x20001394   Data          96  usart.o(.bss)
    hdma_usart3_rx                           0x200013f4   Data          96  usart.o(.bss)
    htim2                                    0x20001454   Data          72  stm32f4xx_hal_timebase_tim.o(.bss)
    hUsbDeviceFS                             0x2000758c   Data         732  usb_device.o(.bss)
    USBD_StrDesc                             0x20007868   Data         512  usbd_desc.o(.bss)
    UserRxBufferFS                           0x20007a68   Data        2048  usbd_cdc_if.o(.bss)
    UserTxBufferFS                           0x20008268   Data        2048  usbd_cdc_if.o(.bss)
    hpcd_USB_OTG_FS                          0x20008c88   Data        1292  usbd_conf.o(.bss)
    __libspace_start                         0x20009194   Data          96  libspace.o(.bss)
    __temporary_stack_top$libspace           0x200091f4   Data           0  libspace.o(.bss)



==============================================================================

Memory Map of the image

  Image Entry point : 0x08000189

  Load Region LR_IROM1 (Base: 0x08000000, Size: 0x00010078, Max: 0x00100000, ABSOLUTE, COMPRESSED[0x0000f9c8])

    Execution Region ER_IROM1 (Exec base: 0x08000000, Load base: 0x08000000, Size: 0x0000f820, Max: 0x00100000, ABSOLUTE)

    Exec Addr    Load Addr    Size         Type   Attr      Idx    E Section Name        Object

    0x08000000   0x08000000   0x00000188   Data   RO         2145    RESET               startup_stm32f407xx.o
    0x08000188   0x08000188   0x00000008   Code   RO         8420  * !!!main             c_w.l(__main.o)
    0x08000190   0x08000190   0x00000034   Code   RO         9083    !!!scatter          c_w.l(__scatter.o)
    0x080001c4   0x080001c4   0x0000005a   Code   RO         9081    !!dczerorl2         c_w.l(__dczerorl2.o)
    0x0800021e   0x0800021e   0x00000002   PAD
    0x08000220   0x08000220   0x0000001c   Code   RO         9085    !!handler_zi        c_w.l(__scatter_zi.o)
    0x0800023c   0x0800023c   0x00000002   Code   RO         9013    .ARM.Collect$$libinit$$00000000  c_w.l(libinit.o)
    0x0800023e   0x0800023e   0x00000004   Code   RO         8701    .ARM.Collect$$libinit$$00000001  c_w.l(libinit2.o)
    0x08000242   0x08000242   0x00000000   Code   RO         8704    .ARM.Collect$$libinit$$00000004  c_w.l(libinit2.o)
    0x08000242   0x08000242   0x00000008   Code   RO         8705    .ARM.Collect$$libinit$$00000005  c_w.l(libinit2.o)
    0x0800024a   0x0800024a   0x00000000   Code   RO         8707    .ARM.Collect$$libinit$$0000000A  c_w.l(libinit2.o)
    0x0800024a   0x0800024a   0x00000000   Code   RO         8709    .ARM.Collect$$libinit$$0000000C  c_w.l(libinit2.o)
    0x0800024a   0x0800024a   0x00000000   Code   RO         8711    .ARM.Collect$$libinit$$0000000E  c_w.l(libinit2.o)
    0x0800024a   0x0800024a   0x00000000   Code   RO         8714    .ARM.Collect$$libinit$$00000011  c_w.l(libinit2.o)
    0x0800024a   0x0800024a   0x00000000   Code   RO         8716    .ARM.Collect$$libinit$$00000013  c_w.l(libinit2.o)
    0x0800024a   0x0800024a   0x00000000   Code   RO         8718    .ARM.Collect$$libinit$$00000015  c_w.l(libinit2.o)
    0x0800024a   0x0800024a   0x00000000   Code   RO         8720    .ARM.Collect$$libinit$$00000017  c_w.l(libinit2.o)
    0x0800024a   0x0800024a   0x00000000   Code   RO         8722    .ARM.Collect$$libinit$$00000019  c_w.l(libinit2.o)
    0x0800024a   0x0800024a   0x00000000   Code   RO         8724    .ARM.Collect$$libinit$$0000001B  c_w.l(libinit2.o)
    0x0800024a   0x0800024a   0x00000000   Code   RO         8726    .ARM.Collect$$libinit$$0000001D  c_w.l(libinit2.o)
    0x0800024a   0x0800024a   0x00000000   Code   RO         8728    .ARM.Collect$$libinit$$0000001F  c_w.l(libinit2.o)
    0x0800024a   0x0800024a   0x00000000   Code   RO         8730    .ARM.Collect$$libinit$$00000021  c_w.l(libinit2.o)
    0x0800024a   0x0800024a   0x00000000   Code   RO         8732    .ARM.Collect$$libinit$$00000023  c_w.l(libinit2.o)
    0x0800024a   0x0800024a   0x00000000   Code   RO         8734    .ARM.Collect$$libinit$$00000025  c_w.l(libinit2.o)
    0x0800024a   0x0800024a   0x00000000   Code   RO         8738    .ARM.Collect$$libinit$$0000002C  c_w.l(libinit2.o)
    0x0800024a   0x0800024a   0x00000000   Code   RO         8740    .ARM.Collect$$libinit$$0000002E  c_w.l(libinit2.o)
    0x0800024a   0x0800024a   0x00000000   Code   RO         8742    .ARM.Collect$$libinit$$00000030  c_w.l(libinit2.o)
    0x0800024a   0x0800024a   0x00000000   Code   RO         8744    .ARM.Collect$$libinit$$00000032  c_w.l(libinit2.o)
    0x0800024a   0x0800024a   0x00000002   Code   RO         8745    .ARM.Collect$$libinit$$00000033  c_w.l(libinit2.o)
    0x0800024c   0x0800024c   0x00000002   Code   RO         9078    .ARM.Collect$$libshutdown$$00000000  c_w.l(libshutdown.o)
    0x0800024e   0x0800024e   0x00000000   Code   RO         9034    .ARM.Collect$$libshutdown$$00000002  c_w.l(libshutdown2.o)
    0x0800024e   0x0800024e   0x00000000   Code   RO         9036    .ARM.Collect$$libshutdown$$00000004  c_w.l(libshutdown2.o)
    0x0800024e   0x0800024e   0x00000000   Code   RO         9038    .ARM.Collect$$libshutdown$$00000006  c_w.l(libshutdown2.o)
    0x0800024e   0x0800024e   0x00000000   Code   RO         9041    .ARM.Collect$$libshutdown$$00000009  c_w.l(libshutdown2.o)
    0x0800024e   0x0800024e   0x00000000   Code   RO         9044    .ARM.Collect$$libshutdown$$0000000C  c_w.l(libshutdown2.o)
    0x0800024e   0x0800024e   0x00000000   Code   RO         9046    .ARM.Collect$$libshutdown$$0000000E  c_w.l(libshutdown2.o)
    0x0800024e   0x0800024e   0x00000000   Code   RO         9049    .ARM.Collect$$libshutdown$$00000011  c_w.l(libshutdown2.o)
    0x0800024e   0x0800024e   0x00000002   Code   RO         9050    .ARM.Collect$$libshutdown$$00000012  c_w.l(libshutdown2.o)
    0x08000250   0x08000250   0x00000000   Code   RO         8568    .ARM.Collect$$rtentry$$00000000  c_w.l(__rtentry.o)
    0x08000250   0x08000250   0x00000000   Code   RO         8882    .ARM.Collect$$rtentry$$00000002  c_w.l(__rtentry2.o)
    0x08000250   0x08000250   0x00000006   Code   RO         8894    .ARM.Collect$$rtentry$$00000004  c_w.l(__rtentry4.o)
    0x08000256   0x08000256   0x00000000   Code   RO         8884    .ARM.Collect$$rtentry$$00000009  c_w.l(__rtentry2.o)
    0x08000256   0x08000256   0x00000004   Code   RO         8885    .ARM.Collect$$rtentry$$0000000A  c_w.l(__rtentry2.o)
    0x0800025a   0x0800025a   0x00000000   Code   RO         8887    .ARM.Collect$$rtentry$$0000000C  c_w.l(__rtentry2.o)
    0x0800025a   0x0800025a   0x00000008   Code   RO         8888    .ARM.Collect$$rtentry$$0000000D  c_w.l(__rtentry2.o)
    0x08000262   0x08000262   0x00000002   Code   RO         9016    .ARM.Collect$$rtexit$$00000000  c_w.l(rtexit.o)
    0x08000264   0x08000264   0x00000000   Code   RO         9054    .ARM.Collect$$rtexit$$00000002  c_w.l(rtexit2.o)
    0x08000264   0x08000264   0x00000004   Code   RO         9055    .ARM.Collect$$rtexit$$00000003  c_w.l(rtexit2.o)
    0x08000268   0x08000268   0x00000006   Code   RO         9056    .ARM.Collect$$rtexit$$00000004  c_w.l(rtexit2.o)
    0x0800026e   0x0800026e   0x00000002   PAD
    0x08000270   0x08000270   0x000000be   Code   RO         3481    .emb_text           port.o
    0x0800032e   0x0800032e   0x00000002   PAD
    0x08000330   0x08000330   0x00000000   Code   RO         8905    .emb_text           c_w.l(maybetermalloc1.o)
    0x08000330   0x08000330   0x00000040   Code   RO         2146    .text               startup_stm32f407xx.o
    0x08000370   0x08000370   0x00000078   Code   RO         8045    .text               arm_cortexM4lf_math.lib(arm_cos_f32.o)
    0x080003e8   0x080003e8   0x00000094   Code   RO         8095    .text               arm_cortexM4lf_math.lib(arm_sin_f32.o)
    0x0800047c   0x0800047c   0x00000108   Code   RO         8119    .text               arm_cortexM4lf_math.lib(arm_mat_add_f32.o)
    0x08000584   0x08000584   0x00000008   Code   RO         8143    .text               arm_cortexM4lf_math.lib(arm_mat_init_f32.o)
    0x0800058c   0x0800058c   0x00000530   Code   RO         8167    .text               arm_cortexM4lf_math.lib(arm_mat_inverse_f32.o)
    0x08000abc   0x08000abc   0x0000013c   Code   RO         8191    .text               arm_cortexM4lf_math.lib(arm_mat_mult_f32.o)
    0x08000bf8   0x08000bf8   0x00000108   Code   RO         8215    .text               arm_cortexM4lf_math.lib(arm_mat_sub_f32.o)
    0x08000d00   0x08000d00   0x00000114   Code   RO         8239    .text               arm_cortexM4lf_math.lib(arm_mat_trans_f32.o)
    0x08000e14   0x08000e14   0x0000005e   Code   RO         8346    .text               c_w.l(h1_alloc.o)
    0x08000e72   0x08000e72   0x000000ee   Code   RO         8400    .text               c_w.l(lludivv7m.o)
    0x08000f60   0x08000f60   0x0000008a   Code   RO         8406    .text               c_w.l(rt_memcpy_v6.o)
    0x08000fea   0x08000fea   0x00000064   Code   RO         8408    .text               c_w.l(rt_memcpy_w.o)
    0x0800104e   0x0800104e   0x00000010   Code   RO         8412    .text               c_w.l(aeabi_memset.o)
    0x0800105e   0x0800105e   0x00000044   Code   RO         8414    .text               c_w.l(rt_memclr.o)
    0x080010a2   0x080010a2   0x0000004e   Code   RO         8416    .text               c_w.l(rt_memclr_w.o)
    0x080010f0   0x080010f0   0x00000006   Code   RO         8418    .text               c_w.l(heapauxi.o)
    0x080010f6   0x080010f6   0x00000002   PAD
    0x080010f8   0x080010f8   0x00000008   Code   RO         8576    .text               c_w.l(rt_heap_descriptor_intlibspace.o)
    0x08001100   0x08001100   0x00000004   Code   RO         8578    .text               c_w.l(hguard.o)
    0x08001104   0x08001104   0x0000008a   Code   RO         8580    .text               c_w.l(init_alloc.o)
    0x0800118e   0x0800118e   0x0000000e   Code   RO         8586    .text               c_w.l(h1_init.o)
    0x0800119c   0x0800119c   0x0000004e   Code   RO         8588    .text               c_w.l(h1_free.o)
    0x080011ea   0x080011ea   0x00000016   Code   RO         8604    .text               c_w.l(_rserrno.o)
    0x08001200   0x08001200   0x00000008   Code   RO         8878    .text               c_w.l(libspace.o)
    0x08001208   0x08001208   0x00000008   Code   RO         8901    .text               c_w.l(rt_errno_addr_intlibspace.o)
    0x08001210   0x08001210   0x00000034   Code   RO         8907    .text               c_w.l(h1_extend.o)
    0x08001244   0x08001244   0x00000030   Code   RO         8913    .text               c_w.l(_fptrap.o)
    0x08001274   0x08001274   0x0000000e   Code   RO         8931    .text               c_w.l(defsig_rtmem_outer.o)
    0x08001282   0x08001282   0x00000002   Code   RO         8948    .text               c_w.l(use_no_semi.o)
    0x08001284   0x08001284   0x00000000   Code   RO         8950    .text               c_w.l(indicate_semi.o)
    0x08001284   0x08001284   0x0000004a   Code   RO         8951    .text               c_w.l(sys_stackheap_outer.o)
    0x080012ce   0x080012ce   0x00000012   Code   RO         8994    .text               c_w.l(exit.o)
    0x080012e0   0x080012e0   0x0000000a   Code   RO         8996    .text               c_w.l(defsig_exit.o)
    0x080012ea   0x080012ea   0x0000000e   Code   RO         8998    .text               c_w.l(defsig_fpe_outer.o)
    0x080012f8   0x080012f8   0x00000050   Code   RO         9002    .text               c_w.l(defsig_rtmem_inner.o)
    0x08001348   0x08001348   0x0000000c   Code   RO         9014    .text               c_w.l(sys_exit.o)
    0x08001354   0x08001354   0x00000032   Code   RO         9027    .text               c_w.l(defsig_general.o)
    0x08001386   0x08001386   0x00000002   PAD
    0x08001388   0x08001388   0x000000ac   Code   RO         9029    .text               c_w.l(defsig_fpe_inner.o)
    0x08001434   0x08001434   0x0000000e   Code   RO         9051    .text               c_w.l(sys_wrch.o)
    0x08001442   0x08001442   0x00000002   PAD
    0x08001444   0x08001444   0x00000010   Code   RO          754    i.BMI088_ACCEL_NS_H  bsp_gpio.o
    0x08001454   0x08001454   0x00000010   Code   RO          755    i.BMI088_ACCEL_NS_L  bsp_gpio.o
    0x08001464   0x08001464   0x0000010c   Code   RO         1222    i.BMI088_Accel_Init  bmi088.o
    0x08001570   0x08001570   0x00000010   Code   RO          756    i.BMI088_GYRO_NS_H  bsp_gpio.o
    0x08001580   0x08001580   0x00000010   Code   RO          757    i.BMI088_GYRO_NS_L  bsp_gpio.o
    0x08001590   0x08001590   0x000000dc   Code   RO         1223    i.BMI088_Gyro_Init  bmi088.o
    0x0800166c   0x0800166c   0x00000170   Code   RO         1224    i.BMI088_Info_Update  bmi088.o
    0x080017dc   0x080017dc   0x0000002c   Code   RO         1225    i.BMI088_Init       bmi088.o
    0x08001808   0x08001808   0x0000002c   Code   RO         1226    i.BMI088_Offset_Update  bmi088.o
    0x08001834   0x08001834   0x00000024   Code   RO         1227    i.BMI088_Read_Multi_Reg  bmi088.o
    0x08001858   0x08001858   0x00000016   Code   RO         1228    i.BMI088_Read_Single_Reg  bmi088.o
    0x0800186e   0x0800186e   0x00000002   PAD
    0x08001870   0x08001870   0x00000024   Code   RO          835    i.BMI088_Read_Write_Byte  bsp_spi.o
    0x08001894   0x08001894   0x00000068   Code   RO          551    i.BMI088_Temp_Control  ins_task.o
    0x080018fc   0x080018fc   0x00000012   Code   RO         1229    i.BMI088_Write_Single_Reg  bmi088.o
    0x0800190e   0x0800190e   0x00000002   PAD
    0x08001910   0x08001910   0x00000070   Code   RO          608    i.BSP_CAN_Init      bsp_can.o
    0x08001980   0x08001980   0x0000003c   Code   RO          943    i.BSP_USART_Init    bsp_uart.o
    0x080019bc   0x080019bc   0x0000000c   Code   RO          904    i.Bsp_Tim_Init      bsp_tim.o
    0x080019c8   0x080019c8   0x00000002   Code   RO         1965    i.BusFault_Handler  stm32f4xx_it.o
    0x080019ca   0x080019ca   0x00000002   PAD
    0x080019cc   0x080019cc   0x0000000c   Code   RO         1966    i.CAN1_RX0_IRQHandler  stm32f4xx_it.o
    0x080019d8   0x080019d8   0x0000000c   Code   RO          609    i.CAN1_RxFifo0RxHandler  bsp_can.o
    0x080019e4   0x080019e4   0x0000000c   Code   RO         1967    i.CAN2_RX0_IRQHandler  stm32f4xx_it.o
    0x080019f0   0x080019f0   0x00000120   Code   RO          610    i.CAN2_RxFifo0RxHandler  bsp_can.o
    0x08001b10   0x08001b10   0x00000114   Code   RO          158    i.CAN_Task          can_task.o
    0x08001c24   0x08001c24   0x00000008   Code   RO         7350    i.CDC_Control_FS    usbd_cdc_if.o
    0x08001c2c   0x08001c2c   0x00000004   Code   RO         7351    i.CDC_DeInit_FS     usbd_cdc_if.o
    0x08001c30   0x08001c30   0x00000024   Code   RO         7352    i.CDC_Init_FS       usbd_cdc_if.o
    0x08001c54   0x08001c54   0x00000020   Code   RO         7353    i.CDC_Receive_FS    usbd_cdc_if.o
    0x08001c74   0x08001c74   0x00000004   Code   RO         7354    i.CDC_TransmitCplt_FS  usbd_cdc_if.o
    0x08001c78   0x08001c78   0x000007f4   Code   RO          425    i.Control_LQR_K_Update  control_task.o
    0x0800246c   0x0800246c   0x000000b0   Code   RO          426    i.Control_LQR_U_Calculate  control_task.o
    0x0800251c   0x0800251c   0x0000004a   Code   RO          427    i.Control_LQR_X_Update  control_task.o
    0x08002566   0x08002566   0x00000002   PAD
    0x08002568   0x08002568   0x00000130   Code   RO          428    i.Control_Measure_Update  control_task.o
    0x08002698   0x08002698   0x0000003c   Code   RO          429    i.Control_Task      control_task.o
    0x080026d4   0x080026d4   0x00000024   Code   RO         1345    i.DJI_Motor_ErrorHandler  motor.o
    0x080026f8   0x080026f8   0x000000a8   Code   RO         1346    i.DJI_Motor_Info_Update  motor.o
    0x080027a0   0x080027a0   0x0000000c   Code   RO         1968    i.DMA1_Stream1_IRQHandler  stm32f4xx_it.o
    0x080027ac   0x080027ac   0x0000000c   Code   RO         1969    i.DMA2_Stream2_IRQHandler  stm32f4xx_it.o
    0x080027b8   0x080027b8   0x0000000c   Code   RO         1970    i.DMA2_Stream7_IRQHandler  stm32f4xx_it.o
    0x080027c4   0x080027c4   0x0000002c   Code   RO         4661    i.DMA_CalcBaseAndBitshift  stm32f4xx_hal_dma.o
    0x080027f0   0x080027f0   0x00000078   Code   RO         4662    i.DMA_CheckFifoParam  stm32f4xx_hal_dma.o
    0x08002868   0x08002868   0x000000f0   Code   RO          159    i.Damiao_Motor_CAN_Send  can_task.o
    0x08002958   0x08002958   0x00000030   Code   RO         1347    i.Damiao_Motor_DisEnable  motor.o
    0x08002988   0x08002988   0x00000030   Code   RO          160    i.Damiao_Motor_Enable  can_task.o
    0x080029b8   0x080029b8   0x00000014   Code   RO         1348    i.Damiao_Motor_ErrorHandler  motor.o
    0x080029cc   0x080029cc   0x000000f0   Code   RO         1349    i.Damiao_Motor_Info_Update  motor.o
    0x08002abc   0x08002abc   0x00000002   Code   RO         1971    i.DebugMon_Handler  stm32f4xx_it.o
    0x08002abe   0x08002abe   0x00000016   Code   RO          866    i.Delay_ms          bsp_tick.o
    0x08002ad4   0x08002ad4   0x00000016   Code   RO          867    i.Delay_us          bsp_tick.o
    0x08002aea   0x08002aea   0x00000006   Code   RO          384    i.Detect_Task       detect_task.o
    0x08002af0   0x08002af0   0x00000006   Code   RO         1972    i.EXTI9_5_IRQHandler  stm32f4xx_it.o
    0x08002af6   0x08002af6   0x00000004   Code   RO         1606    i.Error_Handler     main.o
    0x08002afa   0x08002afa   0x00000002   PAD
    0x08002afc   0x08002afc   0x0000002c   Code   RO            4    i.Fast_InverseSqrt  api_quaternion.o
    0x08002b28   0x08002b28   0x00000038   Code   RO         7272    i.Get_SerialNum     usbd_desc.o
    0x08002b60   0x08002b60   0x00000024   Code   RO         5335    i.HAL_CAN_ActivateNotification  stm32f4xx_hal_can.o
    0x08002b84   0x08002b84   0x000000f2   Code   RO         5336    i.HAL_CAN_AddTxMessage  stm32f4xx_hal_can.o
    0x08002c76   0x08002c76   0x00000002   PAD
    0x08002c78   0x08002c78   0x00000110   Code   RO         5337    i.HAL_CAN_ConfigFilter  stm32f4xx_hal_can.o
    0x08002d88   0x08002d88   0x00000002   Code   RO         5340    i.HAL_CAN_ErrorCallback  stm32f4xx_hal_can.o
    0x08002d8a   0x08002d8a   0x00000106   Code   RO         5343    i.HAL_CAN_GetRxMessage  stm32f4xx_hal_can.o
    0x08002e90   0x08002e90   0x000001fc   Code   RO         5347    i.HAL_CAN_IRQHandler  stm32f4xx_hal_can.o
    0x0800308c   0x0800308c   0x00000152   Code   RO         5348    i.HAL_CAN_Init      stm32f4xx_hal_can.o
    0x080031de   0x080031de   0x00000002   PAD
    0x080031e0   0x080031e0   0x00000100   Code   RO         1749    i.HAL_CAN_MspInit   can.o
    0x080032e0   0x080032e0   0x00000002   Code   RO         5355    i.HAL_CAN_RxFifo0FullCallback  stm32f4xx_hal_can.o
    0x080032e2   0x080032e2   0x00000002   PAD
    0x080032e4   0x080032e4   0x00000048   Code   RO          611    i.HAL_CAN_RxFifo0MsgPendingCallback  bsp_can.o
    0x0800332c   0x0800332c   0x00000002   Code   RO         5357    i.HAL_CAN_RxFifo1FullCallback  stm32f4xx_hal_can.o
    0x0800332e   0x0800332e   0x00000002   Code   RO         5358    i.HAL_CAN_RxFifo1MsgPendingCallback  stm32f4xx_hal_can.o
    0x08003330   0x08003330   0x00000002   Code   RO         5359    i.HAL_CAN_SleepCallback  stm32f4xx_hal_can.o
    0x08003332   0x08003332   0x00000058   Code   RO         5360    i.HAL_CAN_Start     stm32f4xx_hal_can.o
    0x0800338a   0x0800338a   0x00000002   Code   RO         5362    i.HAL_CAN_TxMailbox0AbortCallback  stm32f4xx_hal_can.o
    0x0800338c   0x0800338c   0x00000002   Code   RO         5363    i.HAL_CAN_TxMailbox0CompleteCallback  stm32f4xx_hal_can.o
    0x0800338e   0x0800338e   0x00000002   Code   RO         5364    i.HAL_CAN_TxMailbox1AbortCallback  stm32f4xx_hal_can.o
    0x08003390   0x08003390   0x00000002   Code   RO         5365    i.HAL_CAN_TxMailbox1CompleteCallback  stm32f4xx_hal_can.o
    0x08003392   0x08003392   0x00000002   Code   RO         5366    i.HAL_CAN_TxMailbox2AbortCallback  stm32f4xx_hal_can.o
    0x08003394   0x08003394   0x00000002   Code   RO         5367    i.HAL_CAN_TxMailbox2CompleteCallback  stm32f4xx_hal_can.o
    0x08003396   0x08003396   0x00000002   Code   RO         5369    i.HAL_CAN_WakeUpFromRxMsgCallback  stm32f4xx_hal_can.o
    0x08003398   0x08003398   0x0000008e   Code   RO         4664    i.HAL_DMA_Abort     stm32f4xx_hal_dma.o
    0x08003426   0x08003426   0x00000024   Code   RO         4665    i.HAL_DMA_Abort_IT  stm32f4xx_hal_dma.o
    0x0800344a   0x0800344a   0x00000002   PAD
    0x0800344c   0x0800344c   0x000001d0   Code   RO         4669    i.HAL_DMA_IRQHandler  stm32f4xx_hal_dma.o
    0x0800361c   0x0800361c   0x000000d4   Code   RO         4670    i.HAL_DMA_Init      stm32f4xx_hal_dma.o
    0x080036f0   0x080036f0   0x00000024   Code   RO         5083    i.HAL_Delay         stm32f4xx_hal.o
    0x08003714   0x08003714   0x00000002   Code   RO         4555    i.HAL_GPIO_EXTI_Callback  stm32f4xx_hal_gpio.o
    0x08003716   0x08003716   0x00000002   PAD
    0x08003718   0x08003718   0x00000018   Code   RO         4556    i.HAL_GPIO_EXTI_IRQHandler  stm32f4xx_hal_gpio.o
    0x08003730   0x08003730   0x000001d0   Code   RO         4557    i.HAL_GPIO_Init     stm32f4xx_hal_gpio.o
    0x08003900   0x08003900   0x0000000e   Code   RO         4561    i.HAL_GPIO_WritePin  stm32f4xx_hal_gpio.o
    0x0800390e   0x0800390e   0x00000002   PAD
    0x08003910   0x08003910   0x0000000c   Code   RO         5089    i.HAL_GetTick       stm32f4xx_hal.o
    0x0800391c   0x0800391c   0x00000010   Code   RO         5095    i.HAL_IncTick       stm32f4xx_hal.o
    0x0800392c   0x0800392c   0x00000034   Code   RO         5096    i.HAL_Init          stm32f4xx_hal.o
    0x08003960   0x08003960   0x00000098   Code   RO         2107    i.HAL_InitTick      stm32f4xx_hal_timebase_tim.o
    0x080039f8   0x080039f8   0x00000038   Code   RO         2083    i.HAL_MspInit       stm32f4xx_hal_msp.o
    0x08003a30   0x08003a30   0x0000001a   Code   RO         4946    i.HAL_NVIC_EnableIRQ  stm32f4xx_hal_cortex.o
    0x08003a4a   0x08003a4a   0x00000002   PAD
    0x08003a4c   0x08003a4c   0x00000040   Code   RO         4952    i.HAL_NVIC_SetPriority  stm32f4xx_hal_cortex.o
    0x08003a8c   0x08003a8c   0x00000024   Code   RO         4953    i.HAL_NVIC_SetPriorityGrouping  stm32f4xx_hal_cortex.o
    0x08003ab0   0x08003ab0   0x00000002   Code   RO         3805    i.HAL_PCDEx_LPM_Callback  stm32f4xx_hal_pcd_ex.o
    0x08003ab2   0x08003ab2   0x00000008   Code   RO         3806    i.HAL_PCDEx_SetRxFiFo  stm32f4xx_hal_pcd_ex.o
    0x08003aba   0x08003aba   0x00000042   Code   RO         3807    i.HAL_PCDEx_SetTxFiFo  stm32f4xx_hal_pcd_ex.o
    0x08003afc   0x08003afc   0x00000008   Code   RO         7407    i.HAL_PCD_ConnectCallback  usbd_conf.o
    0x08003b04   0x08003b04   0x00000012   Code   RO         7408    i.HAL_PCD_DataInStageCallback  usbd_conf.o
    0x08003b16   0x08003b16   0x00000014   Code   RO         7409    i.HAL_PCD_DataOutStageCallback  usbd_conf.o
    0x08003b2a   0x08003b2a   0x00000008   Code   RO         7410    i.HAL_PCD_DisconnectCallback  usbd_conf.o
    0x08003b32   0x08003b32   0x0000001e   Code   RO         3570    i.HAL_PCD_EP_Abort  stm32f4xx_hal_pcd.o
    0x08003b50   0x08003b50   0x00000048   Code   RO         3571    i.HAL_PCD_EP_Close  stm32f4xx_hal_pcd.o
    0x08003b98   0x08003b98   0x00000058   Code   RO         3572    i.HAL_PCD_EP_ClrStall  stm32f4xx_hal_pcd.o
    0x08003bf0   0x08003bf0   0x00000012   Code   RO         3574    i.HAL_PCD_EP_GetRxCount  stm32f4xx_hal_pcd.o
    0x08003c02   0x08003c02   0x0000005c   Code   RO         3575    i.HAL_PCD_EP_Open   stm32f4xx_hal_pcd.o
    0x08003c5e   0x08003c5e   0x00000042   Code   RO         3576    i.HAL_PCD_EP_Receive  stm32f4xx_hal_pcd.o
    0x08003ca0   0x08003ca0   0x00000070   Code   RO         3577    i.HAL_PCD_EP_SetStall  stm32f4xx_hal_pcd.o
    0x08003d10   0x08003d10   0x00000042   Code   RO         3578    i.HAL_PCD_EP_Transmit  stm32f4xx_hal_pcd.o
    0x08003d52   0x08003d52   0x0000050a   Code   RO         3580    i.HAL_PCD_IRQHandler  stm32f4xx_hal_pcd.o
    0x0800425c   0x0800425c   0x00000008   Code   RO         7411    i.HAL_PCD_ISOINIncompleteCallback  usbd_conf.o
    0x08004264   0x08004264   0x00000008   Code   RO         7412    i.HAL_PCD_ISOOUTIncompleteCallback  usbd_conf.o
    0x0800426c   0x0800426c   0x000000e4   Code   RO         3583    i.HAL_PCD_Init      stm32f4xx_hal_pcd.o
    0x08004350   0x08004350   0x00000084   Code   RO         7414    i.HAL_PCD_MspInit   usbd_conf.o
    0x080043d4   0x080043d4   0x0000002e   Code   RO         7415    i.HAL_PCD_ResetCallback  usbd_conf.o
    0x08004402   0x08004402   0x00000008   Code   RO         7416    i.HAL_PCD_ResumeCallback  usbd_conf.o
    0x0800440a   0x0800440a   0x00000008   Code   RO         7417    i.HAL_PCD_SOFCallback  usbd_conf.o
    0x08004412   0x08004412   0x00000028   Code   RO         3589    i.HAL_PCD_SetAddress  stm32f4xx_hal_pcd.o
    0x0800443a   0x0800443a   0x0000000e   Code   RO         7418    i.HAL_PCD_SetupStageCallback  usbd_conf.o
    0x08004448   0x08004448   0x00000042   Code   RO         3592    i.HAL_PCD_Start     stm32f4xx_hal_pcd.o
    0x0800448a   0x0800448a   0x00000002   PAD
    0x0800448c   0x0800448c   0x00000030   Code   RO         7419    i.HAL_PCD_SuspendCallback  usbd_conf.o
    0x080044bc   0x080044bc   0x00000002   Code   RO         4157    i.HAL_RCC_CSSCallback  stm32f4xx_hal_rcc.o
    0x080044be   0x080044be   0x00000002   PAD
    0x080044c0   0x080044c0   0x0000014c   Code   RO         4158    i.HAL_RCC_ClockConfig  stm32f4xx_hal_rcc.o
    0x0800460c   0x0800460c   0x0000000c   Code   RO         4161    i.HAL_RCC_EnableCSS  stm32f4xx_hal_rcc.o
    0x08004618   0x08004618   0x0000003c   Code   RO         4162    i.HAL_RCC_GetClockConfig  stm32f4xx_hal_rcc.o
    0x08004654   0x08004654   0x0000000c   Code   RO         4163    i.HAL_RCC_GetHCLKFreq  stm32f4xx_hal_rcc.o
    0x08004660   0x08004660   0x00000020   Code   RO         4165    i.HAL_RCC_GetPCLK1Freq  stm32f4xx_hal_rcc.o
    0x08004680   0x08004680   0x00000020   Code   RO         4166    i.HAL_RCC_GetPCLK2Freq  stm32f4xx_hal_rcc.o
    0x080046a0   0x080046a0   0x0000006c   Code   RO         4167    i.HAL_RCC_GetSysClockFreq  stm32f4xx_hal_rcc.o
    0x0800470c   0x0800470c   0x0000001c   Code   RO         4169    i.HAL_RCC_NMI_IRQHandler  stm32f4xx_hal_rcc.o
    0x08004728   0x08004728   0x000003c0   Code   RO         4170    i.HAL_RCC_OscConfig  stm32f4xx_hal_rcc.o
    0x08004ae8   0x08004ae8   0x000000be   Code   RO         5579    i.HAL_SPI_Init      stm32f4xx_hal_spi.o
    0x08004ba6   0x08004ba6   0x00000002   PAD
    0x08004ba8   0x08004ba8   0x00000090   Code   RO         1822    i.HAL_SPI_MspInit   spi.o
    0x08004c38   0x08004c38   0x000001e4   Code   RO         5588    i.HAL_SPI_TransmitReceive  stm32f4xx_hal_spi.o
    0x08004e1c   0x08004e1c   0x00000002   Code   RO         6607    i.HAL_TIMEx_BreakCallback  stm32f4xx_hal_tim_ex.o
    0x08004e1e   0x08004e1e   0x00000002   Code   RO         6608    i.HAL_TIMEx_CommutCallback  stm32f4xx_hal_tim_ex.o
    0x08004e20   0x08004e20   0x00000090   Code   RO         6626    i.HAL_TIMEx_MasterConfigSynchronization  stm32f4xx_hal_tim_ex.o
    0x08004eb0   0x08004eb0   0x0000004a   Code   RO         5892    i.HAL_TIM_Base_Init  stm32f4xx_hal_tim.o
    0x08004efa   0x08004efa   0x00000002   PAD
    0x08004efc   0x08004efc   0x00000048   Code   RO         1864    i.HAL_TIM_Base_MspInit  tim.o
    0x08004f44   0x08004f44   0x0000008c   Code   RO         5897    i.HAL_TIM_Base_Start_IT  stm32f4xx_hal_tim.o
    0x08004fd0   0x08004fd0   0x000000e8   Code   RO         5901    i.HAL_TIM_ConfigClockSource  stm32f4xx_hal_tim.o
    0x080050b8   0x080050b8   0x00000002   Code   RO         5926    i.HAL_TIM_IC_CaptureCallback  stm32f4xx_hal_tim.o
    0x080050ba   0x080050ba   0x0000016e   Code   RO         5940    i.HAL_TIM_IRQHandler  stm32f4xx_hal_tim.o
    0x08005228   0x08005228   0x00000088   Code   RO         1865    i.HAL_TIM_MspPostInit  tim.o
    0x080052b0   0x080052b0   0x00000002   Code   RO         5943    i.HAL_TIM_OC_DelayElapsedCallback  stm32f4xx_hal_tim.o
    0x080052b2   0x080052b2   0x000000d8   Code   RO         5964    i.HAL_TIM_PWM_ConfigChannel  stm32f4xx_hal_tim.o
    0x0800538a   0x0800538a   0x0000004a   Code   RO         5967    i.HAL_TIM_PWM_Init  stm32f4xx_hal_tim.o
    0x080053d4   0x080053d4   0x00000002   Code   RO         5969    i.HAL_TIM_PWM_MspInit  stm32f4xx_hal_tim.o
    0x080053d6   0x080053d6   0x00000002   Code   RO         5970    i.HAL_TIM_PWM_PulseFinishedCallback  stm32f4xx_hal_tim.o
    0x080053d8   0x080053d8   0x000000dc   Code   RO         5972    i.HAL_TIM_PWM_Start  stm32f4xx_hal_tim.o
    0x080054b4   0x080054b4   0x0000000e   Code   RO         1607    i.HAL_TIM_PeriodElapsedCallback  main.o
    0x080054c2   0x080054c2   0x00000002   Code   RO         5983    i.HAL_TIM_TriggerCallback  stm32f4xx_hal_tim.o
    0x080054c4   0x080054c4   0x00000050   Code   RO          944    i.HAL_UARTEx_RxEventCallback  bsp_uart.o
    0x08005514   0x08005514   0x00000002   Code   RO         6899    i.HAL_UART_ErrorCallback  stm32f4xx_hal_uart.o
    0x08005516   0x08005516   0x00000002   PAD
    0x08005518   0x08005518   0x00000228   Code   RO         6902    i.HAL_UART_IRQHandler  stm32f4xx_hal_uart.o
    0x08005740   0x08005740   0x00000064   Code   RO         6903    i.HAL_UART_Init     stm32f4xx_hal_uart.o
    0x080057a4   0x080057a4   0x000001b0   Code   RO         1918    i.HAL_UART_MspInit  usart.o
    0x08005954   0x08005954   0x00000002   Code   RO         6909    i.HAL_UART_RxCpltCallback  stm32f4xx_hal_uart.o
    0x08005956   0x08005956   0x00000002   Code   RO         6914    i.HAL_UART_TxCpltCallback  stm32f4xx_hal_uart.o
    0x08005958   0x08005958   0x0000001a   Code   RO          868    i.Haltick           bsp_tick.o
    0x08005972   0x08005972   0x00000002   Code   RO         1973    i.HardFault_Handler  stm32f4xx_it.o
    0x08005974   0x08005974   0x00000010   Code   RO          905    i.Heat_Power_Control  bsp_tim.o
    0x08005984   0x08005984   0x00000060   Code   RO          552    i.INSTask_Init      ins_task.o
    0x080059e4   0x080059e4   0x0000016c   Code   RO          553    i.INS_Task          ins_task.o
    0x08005b50   0x08005b50   0x0000003a   Code   RO         7273    i.IntToUnicode      usbd_desc.o
    0x08005b8a   0x08005b8a   0x0000036a   Code   RO         1062    i.Kalman_Filter_Init  kalman.o
    0x08005ef4   0x08005ef4   0x000000c0   Code   RO         1063    i.Kalman_Filter_K_Update  kalman.o
    0x08005fb4   0x08005fb4   0x0000003a   Code   RO         1064    i.Kalman_Filter_Measurement_Update  kalman.o
    0x08005fee   0x08005fee   0x00000068   Code   RO         1065    i.Kalman_Filter_P_Update  kalman.o
    0x08006056   0x08006056   0x0000006a   Code   RO         1066    i.Kalman_Filter_Pminus_Update  kalman.o
    0x080060c0   0x080060c0   0x00000086   Code   RO         1067    i.Kalman_Filter_Update  kalman.o
    0x08006146   0x08006146   0x00000080   Code   RO         1068    i.Kalman_Filter_xhat_Update  kalman.o
    0x080061c6   0x080061c6   0x00000074   Code   RO         1069    i.Kalman_Filter_xhatminus_Update  kalman.o
    0x0800623a   0x0800623a   0x00000002   PAD
    0x0800623c   0x0800623c   0x0000001c   Code   RO         1119    i.LowPassFilter1p_Init  lpf.o
    0x08006258   0x08006258   0x0000003c   Code   RO         1120    i.LowPassFilter1p_Update  lpf.o
    0x08006294   0x08006294   0x00000024   Code   RO         1121    i.LowPassFilter2p_Init  lpf.o
    0x080062b8   0x080062b8   0x0000004c   Code   RO         1122    i.LowPassFilter2p_Update  lpf.o
    0x08006304   0x08006304   0x0000001a   Code   RO          799    i.MCU_Init          bsp_mcu.o
    0x0800631e   0x0800631e   0x00000002   PAD
    0x08006320   0x08006320   0x00000048   Code   RO         1750    i.MX_CAN1_Init      can.o
    0x08006368   0x08006368   0x00000048   Code   RO         1751    i.MX_CAN2_Init      can.o
    0x080063b0   0x080063b0   0x0000005c   Code   RO         1797    i.MX_DMA_Init       dma.o
    0x0800640c   0x0800640c   0x00000080   Code   RO         1686    i.MX_FREERTOS_Init  freertos.o
    0x0800648c   0x0800648c   0x000000e4   Code   RO         1658    i.MX_GPIO_Init      gpio.o
    0x08006570   0x08006570   0x00000048   Code   RO         1823    i.MX_SPI1_Init      spi.o
    0x080065b8   0x080065b8   0x00000068   Code   RO         1866    i.MX_TIM10_Init     tim.o
    0x08006620   0x08006620   0x00000098   Code   RO         1867    i.MX_TIM4_Init      tim.o
    0x080066b8   0x080066b8   0x00000038   Code   RO         1919    i.MX_USART1_UART_Init  usart.o
    0x080066f0   0x080066f0   0x0000003c   Code   RO         1920    i.MX_USART3_UART_Init  usart.o
    0x0800672c   0x0800672c   0x00000080   Code   RO         7241    i.MX_USB_DEVICE_Init  usb_device.o
    0x080067ac   0x080067ac   0x00000002   Code   RO         1974    i.MemManage_Handler  stm32f4xx_it.o
    0x080067ae   0x080067ae   0x00000002   PAD
    0x080067b0   0x080067b0   0x00000030   Code   RO         1280    i.MiniPC_RecvFrameInfo  minipc.o
    0x080067e0   0x080067e0   0x00000006   Code   RO         1975    i.NMI_Handler       stm32f4xx_it.o
    0x080067e6   0x080067e6   0x00000002   PAD
    0x080067e8   0x080067e8   0x0000000c   Code   RO         1976    i.OTG_FS_IRQHandler  stm32f4xx_it.o
    0x080067f4   0x080067f4   0x00000048   Code   RO         3596    i.PCD_EP_OutSetupPacket_int  stm32f4xx_hal_pcd.o
    0x0800683c   0x0800683c   0x000000e4   Code   RO         3597    i.PCD_EP_OutXfrComplete_int  stm32f4xx_hal_pcd.o
    0x08006920   0x08006920   0x0000009c   Code   RO         3598    i.PCD_WriteEmptyTxFifo  stm32f4xx_hal_pcd.o
    0x080069bc   0x080069bc   0x00000028   Code   RO         1185    i.PID_Calc_Clear    pid.o
    0x080069e4   0x080069e4   0x0000002c   Code   RO         1186    i.PID_ErrorHandle   pid.o
    0x08006a10   0x08006a10   0x0000002c   Code   RO         1187    i.PID_Init          pid.o
    0x08006a3c   0x08006a3c   0x00000046   Code   RO         1188    i.PID_Param_Init    pid.o
    0x08006a82   0x08006a82   0x00000002   PAD
    0x08006a84   0x08006a84   0x000001a4   Code   RO            5    i.QuaternionEKF_A_Update  api_quaternion.o
    0x08006c28   0x08006c28   0x00000138   Code   RO            6    i.QuaternionEKF_ChiSqrtTest  api_quaternion.o
    0x08006d60   0x08006d60   0x000000e6   Code   RO            7    i.QuaternionEKF_H_Update  api_quaternion.o
    0x08006e46   0x08006e46   0x00000002   PAD
    0x08006e48   0x08006e48   0x000000bc   Code   RO            8    i.QuaternionEKF_Init  api_quaternion.o
    0x08006f04   0x08006f04   0x00000340   Code   RO            9    i.QuaternionEKF_Update  api_quaternion.o
    0x08007244   0x08007244   0x000002bc   Code   RO           10    i.QuaternionEKF_xhat_Update  api_quaternion.o
    0x08007500   0x08007500   0x000000bc   Code   RO         1350    i.RMD_Motor_Info_Update  motor.o
    0x080075bc   0x080075bc   0x0000005c   Code   RO         1424    i.Referee_Frame_Update  referee_info.o
    0x08007618   0x08007618   0x0000018c   Code   RO         1425    i.Referee_Info_Update  referee_info.o
    0x080077a4   0x080077a4   0x000000c8   Code   RO         1469    i.SBUS_TO_RC        remote_control.o
    0x0800786c   0x0800786c   0x0000005c   Code   RO         5617    i.SPI_EndRxTxTransaction  stm32f4xx_hal_spi.o
    0x080078c8   0x080078c8   0x000000bc   Code   RO         5622    i.SPI_WaitFlagStateUntilTimeout  stm32f4xx_hal_spi.o
    0x08007984   0x08007984   0x0000000a   Code   RO         7776    i.SWAPBYTE          usbd_ctlreq.o
    0x0800798e   0x0800798e   0x00000002   PAD
    0x08007990   0x08007990   0x0000002c   Code   RO         3482    i.SysTick_Handler   port.o
    0x080079bc   0x080079bc   0x00000098   Code   RO         1608    i.SystemClock_Config  main.o
    0x08007a54   0x08007a54   0x00000010   Code   RO         2154    i.SystemInit        system_stm32f4xx.o
    0x08007a64   0x08007a64   0x0000000c   Code   RO         1977    i.TIM2_IRQHandler   stm32f4xx_it.o
    0x08007a70   0x08007a70   0x000000cc   Code   RO         5985    i.TIM_Base_SetConfig  stm32f4xx_hal_tim.o
    0x08007b3c   0x08007b3c   0x0000001a   Code   RO         5986    i.TIM_CCxChannelCmd  stm32f4xx_hal_tim.o
    0x08007b56   0x08007b56   0x00000014   Code   RO         5996    i.TIM_ETR_SetConfig  stm32f4xx_hal_tim.o
    0x08007b6a   0x08007b6a   0x00000010   Code   RO         5997    i.TIM_ITRx_SetConfig  stm32f4xx_hal_tim.o
    0x08007b7a   0x08007b7a   0x00000002   PAD
    0x08007b7c   0x08007b7c   0x00000068   Code   RO         5998    i.TIM_OC1_SetConfig  stm32f4xx_hal_tim.o
    0x08007be4   0x08007be4   0x00000074   Code   RO         5999    i.TIM_OC2_SetConfig  stm32f4xx_hal_tim.o
    0x08007c58   0x08007c58   0x00000070   Code   RO         6000    i.TIM_OC3_SetConfig  stm32f4xx_hal_tim.o
    0x08007cc8   0x08007cc8   0x00000054   Code   RO         6001    i.TIM_OC4_SetConfig  stm32f4xx_hal_tim.o
    0x08007d1c   0x08007d1c   0x00000022   Code   RO         6003    i.TIM_TI1_ConfigInputStage  stm32f4xx_hal_tim.o
    0x08007d3e   0x08007d3e   0x00000024   Code   RO         6005    i.TIM_TI2_ConfigInputStage  stm32f4xx_hal_tim.o
    0x08007d62   0x08007d62   0x00000010   Code   RO         6916    i.UART_DMAAbortOnError  stm32f4xx_hal_uart.o
    0x08007d72   0x08007d72   0x0000004e   Code   RO         6926    i.UART_EndRxTransfer  stm32f4xx_hal_uart.o
    0x08007dc0   0x08007dc0   0x0000001a   Code   RO         6927    i.UART_EndTransmit_IT  stm32f4xx_hal_uart.o
    0x08007dda   0x08007dda   0x000000c6   Code   RO         6929    i.UART_Receive_IT   stm32f4xx_hal_uart.o
    0x08007ea0   0x08007ea0   0x00000114   Code   RO         6930    i.UART_SetConfig    stm32f4xx_hal_uart.o
    0x08007fb4   0x08007fb4   0x0000005e   Code   RO         6933    i.UART_Transmit_IT  stm32f4xx_hal_uart.o
    0x08008012   0x08008012   0x00000002   PAD
    0x08008014   0x08008014   0x0000000c   Code   RO         1978    i.USART1_IRQHandler  stm32f4xx_it.o
    0x08008020   0x08008020   0x0000000c   Code   RO         1979    i.USART3_IRQHandler  stm32f4xx_it.o
    0x0800802c   0x0800802c   0x00000068   Code   RO          945    i.USART_RxDMA_MultiBufferStart  bsp_uart.o
    0x08008094   0x08008094   0x00000078   Code   RO         7939    i.USBD_CDC_DataIn   usbd_cdc.o
    0x0800810c   0x0800810c   0x0000003e   Code   RO         7940    i.USBD_CDC_DataOut  usbd_cdc.o
    0x0800814a   0x0800814a   0x00000002   PAD
    0x0800814c   0x0800814c   0x00000094   Code   RO         7941    i.USBD_CDC_DeInit   usbd_cdc.o
    0x080081e0   0x080081e0   0x00000038   Code   RO         7942    i.USBD_CDC_EP0_RxReady  usbd_cdc.o
    0x08008218   0x08008218   0x0000000c   Code   RO         7943    i.USBD_CDC_GetDeviceQualifierDescriptor  usbd_cdc.o
    0x08008224   0x08008224   0x0000003c   Code   RO         7944    i.USBD_CDC_GetFSCfgDesc  usbd_cdc.o
    0x08008260   0x08008260   0x00000040   Code   RO         7945    i.USBD_CDC_GetHSCfgDesc  usbd_cdc.o
    0x080082a0   0x080082a0   0x0000003c   Code   RO         7946    i.USBD_CDC_GetOtherSpeedCfgDesc  usbd_cdc.o
    0x080082dc   0x080082dc   0x0000015c   Code   RO         7947    i.USBD_CDC_Init     usbd_cdc.o
    0x08008438   0x08008438   0x00000040   Code   RO         7948    i.USBD_CDC_ReceivePacket  usbd_cdc.o
    0x08008478   0x08008478   0x00000018   Code   RO         7949    i.USBD_CDC_RegisterInterface  usbd_cdc.o
    0x08008490   0x08008490   0x0000001c   Code   RO         7950    i.USBD_CDC_SetRxBuffer  usbd_cdc.o
    0x080084ac   0x080084ac   0x00000020   Code   RO         7951    i.USBD_CDC_SetTxBuffer  usbd_cdc.o
    0x080084cc   0x080084cc   0x0000010a   Code   RO         7952    i.USBD_CDC_Setup    usbd_cdc.o
    0x080085d6   0x080085d6   0x00000014   Code   RO         7614    i.USBD_ClrClassConfig  usbd_core.o
    0x080085ea   0x080085ea   0x00000026   Code   RO         7777    i.USBD_ClrFeature   usbd_ctlreq.o
    0x08008610   0x08008610   0x00000004   Code   RO         7615    i.USBD_CoreFindEP   usbd_core.o
    0x08008614   0x08008614   0x00000004   Code   RO         7616    i.USBD_CoreFindIF   usbd_core.o
    0x08008618   0x08008618   0x00000010   Code   RO         7879    i.USBD_CtlContinueRx  usbd_ioreq.o
    0x08008628   0x08008628   0x00000010   Code   RO         7880    i.USBD_CtlContinueSendData  usbd_ioreq.o
    0x08008638   0x08008638   0x00000018   Code   RO         7778    i.USBD_CtlError     usbd_ctlreq.o
    0x08008650   0x08008650   0x0000001e   Code   RO         7881    i.USBD_CtlPrepareRx  usbd_ioreq.o
    0x0800866e   0x0800866e   0x00000016   Code   RO         7882    i.USBD_CtlReceiveStatus  usbd_ioreq.o
    0x08008684   0x08008684   0x0000001a   Code   RO         7883    i.USBD_CtlSendData  usbd_ioreq.o
    0x0800869e   0x0800869e   0x00000016   Code   RO         7884    i.USBD_CtlSendStatus  usbd_ioreq.o
    0x080086b4   0x080086b4   0x00000030   Code   RO         7274    i.USBD_FS_ConfigStrDescriptor  usbd_desc.o
    0x080086e4   0x080086e4   0x0000000c   Code   RO         7275    i.USBD_FS_DeviceDescriptor  usbd_desc.o
    0x080086f0   0x080086f0   0x00000034   Code   RO         7276    i.USBD_FS_InterfaceStrDescriptor  usbd_desc.o
    0x08008724   0x08008724   0x0000000c   Code   RO         7277    i.USBD_FS_LangIDStrDescriptor  usbd_desc.o
    0x08008730   0x08008730   0x00000028   Code   RO         7278    i.USBD_FS_ManufacturerStrDescriptor  usbd_desc.o
    0x08008758   0x08008758   0x0000003c   Code   RO         7279    i.USBD_FS_ProductStrDescriptor  usbd_desc.o
    0x08008794   0x08008794   0x00000014   Code   RO         7280    i.USBD_FS_SerialStrDescriptor  usbd_desc.o
    0x080087a8   0x080087a8   0x0000003a   Code   RO         7779    i.USBD_GetConfig    usbd_ctlreq.o
    0x080087e2   0x080087e2   0x000001b0   Code   RO         7780    i.USBD_GetDescriptor  usbd_ctlreq.o
    0x08008992   0x08008992   0x0000003a   Code   RO         7618    i.USBD_GetEpDesc    usbd_core.o
    0x080089cc   0x080089cc   0x00000014   Code   RO         7781    i.USBD_GetLen       usbd_ctlreq.o
    0x080089e0   0x080089e0   0x0000000e   Code   RO         7619    i.USBD_GetNextDesc  usbd_core.o
    0x080089ee   0x080089ee   0x0000003c   Code   RO         7782    i.USBD_GetStatus    usbd_ctlreq.o
    0x08008a2a   0x08008a2a   0x0000003e   Code   RO         7783    i.USBD_GetString    usbd_ctlreq.o
    0x08008a68   0x08008a68   0x00000024   Code   RO         7420    i.USBD_Get_USB_Status  usbd_conf.o
    0x08008a8c   0x08008a8c   0x00000028   Code   RO         7620    i.USBD_Init         usbd_core.o
    0x08008ab4   0x08008ab4   0x00000012   Code   RO         7421    i.USBD_LL_ClearStallEP  usbd_conf.o
    0x08008ac6   0x08008ac6   0x00000012   Code   RO         7422    i.USBD_LL_CloseEP   usbd_conf.o
    0x08008ad8   0x08008ad8   0x000000dc   Code   RO         7621    i.USBD_LL_DataInStage  usbd_core.o
    0x08008bb4   0x08008bb4   0x000000ca   Code   RO         7622    i.USBD_LL_DataOutStage  usbd_core.o
    0x08008c7e   0x08008c7e   0x00000004   Code   RO         7623    i.USBD_LL_DevConnected  usbd_core.o
    0x08008c82   0x08008c82   0x00000020   Code   RO         7624    i.USBD_LL_DevDisconnected  usbd_core.o
    0x08008ca2   0x08008ca2   0x00000008   Code   RO         7426    i.USBD_LL_GetRxDataSize  usbd_conf.o
    0x08008caa   0x08008caa   0x00000002   PAD
    0x08008cac   0x08008cac   0x00000060   Code   RO         7427    i.USBD_LL_Init      usbd_conf.o
    0x08008d0c   0x08008d0c   0x00000020   Code   RO         7428    i.USBD_LL_IsStallEP  usbd_conf.o
    0x08008d2c   0x08008d2c   0x0000002a   Code   RO         7625    i.USBD_LL_IsoINIncomplete  usbd_core.o
    0x08008d56   0x08008d56   0x0000002a   Code   RO         7626    i.USBD_LL_IsoOUTIncomplete  usbd_core.o
    0x08008d80   0x08008d80   0x00000018   Code   RO         7429    i.USBD_LL_OpenEP    usbd_conf.o
    0x08008d98   0x08008d98   0x00000012   Code   RO         7430    i.USBD_LL_PrepareReceive  usbd_conf.o
    0x08008daa   0x08008daa   0x00000060   Code   RO         7627    i.USBD_LL_Reset     usbd_core.o
    0x08008e0a   0x08008e0a   0x00000014   Code   RO         7628    i.USBD_LL_Resume    usbd_core.o
    0x08008e1e   0x08008e1e   0x0000001a   Code   RO         7629    i.USBD_LL_SOF       usbd_core.o
    0x08008e38   0x08008e38   0x00000006   Code   RO         7630    i.USBD_LL_SetSpeed  usbd_core.o
    0x08008e3e   0x08008e3e   0x00000012   Code   RO         7431    i.USBD_LL_SetUSBAddress  usbd_conf.o
    0x08008e50   0x08008e50   0x00000060   Code   RO         7631    i.USBD_LL_SetupStage  usbd_core.o
    0x08008eb0   0x08008eb0   0x00000012   Code   RO         7432    i.USBD_LL_StallEP   usbd_conf.o
    0x08008ec2   0x08008ec2   0x00000012   Code   RO         7433    i.USBD_LL_Start     usbd_conf.o
    0x08008ed4   0x08008ed4   0x00000010   Code   RO         7632    i.USBD_LL_Suspend   usbd_core.o
    0x08008ee4   0x08008ee4   0x00000012   Code   RO         7435    i.USBD_LL_Transmit  usbd_conf.o
    0x08008ef6   0x08008ef6   0x00000032   Code   RO         7784    i.USBD_ParseSetupRequest  usbd_ctlreq.o
    0x08008f28   0x08008f28   0x0000003a   Code   RO         7633    i.USBD_RegisterClass  usbd_core.o
    0x08008f62   0x08008f62   0x00000004   Code   RO         7634    i.USBD_RunTestMode  usbd_core.o
    0x08008f66   0x08008f66   0x00000058   Code   RO         7785    i.USBD_SetAddress   usbd_ctlreq.o
    0x08008fbe   0x08008fbe   0x00000014   Code   RO         7635    i.USBD_SetClassConfig  usbd_core.o
    0x08008fd2   0x08008fd2   0x00000002   PAD
    0x08008fd4   0x08008fd4   0x000000dc   Code   RO         7786    i.USBD_SetConfig    usbd_ctlreq.o
    0x080090b0   0x080090b0   0x00000024   Code   RO         7787    i.USBD_SetFeature   usbd_ctlreq.o
    0x080090d4   0x080090d4   0x00000004   Code   RO         7636    i.USBD_Start        usbd_core.o
    0x080090d8   0x080090d8   0x00000076   Code   RO         7788    i.USBD_StdDevReq    usbd_ctlreq.o
    0x0800914e   0x0800914e   0x00000220   Code   RO         7789    i.USBD_StdEPReq     usbd_ctlreq.o
    0x0800936e   0x0800936e   0x0000008e   Code   RO         7790    i.USBD_StdItfReq    usbd_ctlreq.o
    0x080093fc   0x080093fc   0x00000002   Code   RO         7436    i.USBD_static_free  usbd_conf.o
    0x080093fe   0x080093fe   0x00000002   PAD
    0x08009400   0x08009400   0x00000008   Code   RO         7437    i.USBD_static_malloc  usbd_conf.o
    0x08009408   0x08009408   0x00000084   Code   RO         3847    i.USB_ActivateEndpoint  stm32f4xx_ll_usb.o
    0x0800948c   0x0800948c   0x0000001c   Code   RO         3849    i.USB_ActivateSetup  stm32f4xx_ll_usb.o
    0x080094a8   0x080094a8   0x00000080   Code   RO         3851    i.USB_CoreInit      stm32f4xx_ll_usb.o
    0x08009528   0x08009528   0x00000048   Code   RO         3852    i.USB_CoreReset     stm32f4xx_ll_usb.o
    0x08009570   0x08009570   0x000000c8   Code   RO         3855    i.USB_DeactivateEndpoint  stm32f4xx_ll_usb.o
    0x08009638   0x08009638   0x0000001c   Code   RO         3856    i.USB_DevConnect    stm32f4xx_ll_usb.o
    0x08009654   0x08009654   0x0000001c   Code   RO         3857    i.USB_DevDisconnect  stm32f4xx_ll_usb.o
    0x08009670   0x08009670   0x00000170   Code   RO         3858    i.USB_DevInit       stm32f4xx_ll_usb.o
    0x080097e0   0x080097e0   0x0000000c   Code   RO         3859    i.USB_DisableGlobalInt  stm32f4xx_ll_usb.o
    0x080097ec   0x080097ec   0x00000118   Code   RO         3862    i.USB_EP0StartXfer  stm32f4xx_ll_usb.o
    0x08009904   0x08009904   0x00000054   Code   RO         3863    i.USB_EP0_OutStart  stm32f4xx_ll_usb.o
    0x08009958   0x08009958   0x00000058   Code   RO         3864    i.USB_EPClearStall  stm32f4xx_ll_usb.o
    0x080099b0   0x080099b0   0x00000058   Code   RO         3865    i.USB_EPSetStall    stm32f4xx_ll_usb.o
    0x08009a08   0x08009a08   0x000001f8   Code   RO         3866    i.USB_EPStartXfer   stm32f4xx_ll_usb.o
    0x08009c00   0x08009c00   0x000000a4   Code   RO         3867    i.USB_EPStopXfer    stm32f4xx_ll_usb.o
    0x08009ca4   0x08009ca4   0x0000000c   Code   RO         3868    i.USB_EnableGlobalInt  stm32f4xx_ll_usb.o
    0x08009cb0   0x08009cb0   0x00000044   Code   RO         3869    i.USB_FlushRxFifo   stm32f4xx_ll_usb.o
    0x08009cf4   0x08009cf4   0x00000048   Code   RO         3870    i.USB_FlushTxFifo   stm32f4xx_ll_usb.o
    0x08009d3c   0x08009d3c   0x00000020   Code   RO         3872    i.USB_GetDevSpeed   stm32f4xx_ll_usb.o
    0x08009d5c   0x08009d5c   0x00000008   Code   RO         3874    i.USB_GetMode       stm32f4xx_ll_usb.o
    0x08009d64   0x08009d64   0x0000000e   Code   RO         3881    i.USB_ReadDevAllInEpInterrupt  stm32f4xx_ll_usb.o
    0x08009d72   0x08009d72   0x0000000e   Code   RO         3882    i.USB_ReadDevAllOutEpInterrupt  stm32f4xx_ll_usb.o
    0x08009d80   0x08009d80   0x00000024   Code   RO         3883    i.USB_ReadDevInEPInterrupt  stm32f4xx_ll_usb.o
    0x08009da4   0x08009da4   0x00000010   Code   RO         3884    i.USB_ReadDevOutEPInterrupt  stm32f4xx_ll_usb.o
    0x08009db4   0x08009db4   0x00000008   Code   RO         3885    i.USB_ReadInterrupts  stm32f4xx_ll_usb.o
    0x08009dbc   0x08009dbc   0x0000003e   Code   RO         3886    i.USB_ReadPacket    stm32f4xx_ll_usb.o
    0x08009dfa   0x08009dfa   0x00000060   Code   RO         3888    i.USB_SetCurrentMode  stm32f4xx_ll_usb.o
    0x08009e5a   0x08009e5a   0x0000001e   Code   RO         3889    i.USB_SetDevAddress  stm32f4xx_ll_usb.o
    0x08009e78   0x08009e78   0x0000000e   Code   RO         3890    i.USB_SetDevSpeed   stm32f4xx_ll_usb.o
    0x08009e86   0x08009e86   0x00000002   PAD
    0x08009e88   0x08009e88   0x000000f4   Code   RO         3891    i.USB_SetTurnaroundTime  stm32f4xx_ll_usb.o
    0x08009f7c   0x08009f7c   0x00000028   Code   RO         3894    i.USB_WritePacket   stm32f4xx_ll_usb.o
    0x08009fa4   0x08009fa4   0x00000018   Code   RO          612    i.USER_CAN_TxMessage  bsp_can.o
    0x08009fbc   0x08009fbc   0x00000078   Code   RO          946    i.USER_USART1_RxHandler  bsp_uart.o
    0x0800a034   0x0800a034   0x00000070   Code   RO          947    i.USER_USART3_RxHandler  bsp_uart.o
    0x0800a0a4   0x0800a0a4   0x00000002   Code   RO         1980    i.UsageFault_Handler  stm32f4xx_it.o
    0x0800a0a6   0x0800a0a6   0x00000028   Code   RO          906    i.User_Tim_SetCompare  bsp_tim.o
    0x0800a0ce   0x0800a0ce   0x00000002   PAD
    0x0800a0d0   0x0800a0d0   0x0000017c   Code   RO          483    i.VMC_Calculate     vmc_task.o
    0x0800a24c   0x0800a24c   0x00000120   Code   RO          484    i.VMC_F_Tp_To_Joint_Calculate  vmc_task.o
    0x0800a36c   0x0800a36c   0x0000005c   Code   RO          485    i.VMC_Task          vmc_task.o
    0x0800a3c8   0x0800a3c8   0x0000004c   Code   RO          486    i.VMC_rad_to_Angle  vmc_task.o
    0x0800a414   0x0800a414   0x00000030   Code   RO         8820    i.__ARM_fpclassify  m_wm.l(fpclassify.o)
    0x0800a444   0x0800a444   0x00000026   Code   RO         8822    i.__ARM_fpclassifyf  m_wm.l(fpclassifyf.o)
    0x0800a46a   0x0800a46a   0x00000020   Code   RO         4959    i.__NVIC_SetPriority  stm32f4xx_hal_cortex.o
    0x0800a48a   0x0800a48a   0x00000002   PAD
    0x0800a48c   0x0800a48c   0x00000118   Code   RO         8446    i.__hardfp_acosf    m_wm.l(acosf.o)
    0x0800a5a4   0x0800a5a4   0x0000012c   Code   RO         8458    i.__hardfp_asinf    m_wm.l(asinf.o)
    0x0800a6d0   0x0800a6d0   0x000002ac   Code   RO         8482    i.__hardfp_atan2f   m_wm.l(atan2f.o)
    0x0800a97c   0x0800a97c   0x00000004   PAD
    0x0800a980   0x0800a980   0x00000c50   Code   RO         8526    i.__hardfp_pow      m_wm.l(pow.o)
    0x0800b5d0   0x0800b5d0   0x00000664   Code   RO         8540    i.__hardfp_powf     m_wm.l(powf.o)
    0x0800bc34   0x0800bc34   0x000000f8   Code   RO         8838    i.__kernel_poly     m_wm.l(poly.o)
    0x0800bd2c   0x0800bd2c   0x00000004   PAD
    0x0800bd30   0x0800bd30   0x00000030   Code   RO         8806    i.__mathlib_dbl_divzero  m_wm.l(dunder.o)
    0x0800bd60   0x0800bd60   0x00000014   Code   RO         8808    i.__mathlib_dbl_infnan2  m_wm.l(dunder.o)
    0x0800bd74   0x0800bd74   0x00000004   PAD
    0x0800bd78   0x0800bd78   0x00000020   Code   RO         8809    i.__mathlib_dbl_invalid  m_wm.l(dunder.o)
    0x0800bd98   0x0800bd98   0x00000020   Code   RO         8810    i.__mathlib_dbl_overflow  m_wm.l(dunder.o)
    0x0800bdb8   0x0800bdb8   0x00000020   Code   RO         8812    i.__mathlib_dbl_underflow  m_wm.l(dunder.o)
    0x0800bdd8   0x0800bdd8   0x00000014   Code   RO         8824    i.__mathlib_flt_divzero  m_wm.l(funder.o)
    0x0800bdec   0x0800bdec   0x00000006   Code   RO         8825    i.__mathlib_flt_infnan  m_wm.l(funder.o)
    0x0800bdf2   0x0800bdf2   0x00000006   Code   RO         8826    i.__mathlib_flt_infnan2  m_wm.l(funder.o)
    0x0800bdf8   0x0800bdf8   0x00000010   Code   RO         8827    i.__mathlib_flt_invalid  m_wm.l(funder.o)
    0x0800be08   0x0800be08   0x00000010   Code   RO         8828    i.__mathlib_flt_overflow  m_wm.l(funder.o)
    0x0800be18   0x0800be18   0x00000010   Code   RO         8830    i.__mathlib_flt_underflow  m_wm.l(funder.o)
    0x0800be28   0x0800be28   0x00000014   Code   RO         1426    i.bit8TObit16       referee_info.o
    0x0800be3c   0x0800be3c   0x00000020   Code   RO         1427    i.bit8TOfloat32     referee_info.o
    0x0800be5c   0x0800be5c   0x000000c0   Code   RO         1352    i.encoder_to_anglesum  motor.o
    0x0800bf1c   0x0800bf1c   0x0000018c   Code   RO         1189    i.f_PID_Calculate   pid.o
    0x0800c0a8   0x0800c0a8   0x0000003e   Code   RO         1158    i.f_Ramp_Calc       ramp.o
    0x0800c0e6   0x0800c0e6   0x00000018   Code   RO         8522    i.fabs              m_wm.l(fabs.o)
    0x0800c0fe   0x0800c0fe   0x00000028   Code   RO          161    i.float_to_uint     can_task.o
    0x0800c126   0x0800c126   0x00000002   PAD
    0x0800c128   0x0800c128   0x00000030   Code   RO         1011    i.get_CRC16_check_sum  crc.o
    0x0800c158   0x0800c158   0x0000001c   Code   RO         1012    i.get_CRC8_check_sum  crc.o
    0x0800c174   0x0800c174   0x00000010   Code   RO         3033    i.inHandlerMode     cmsis_os.o
    0x0800c184   0x0800c184   0x0000003a   Code   RO         1609    i.main              main.o
    0x0800c1be   0x0800c1be   0x0000000c   Code   RO         3035    i.makeFreeRtosPriority  cmsis_os.o
    0x0800c1ca   0x0800c1ca   0x00000010   Code   RO         3037    i.osDelay           cmsis_os.o
    0x0800c1da   0x0800c1da   0x00000010   Code   RO         3038    i.osDelayUntil      cmsis_os.o
    0x0800c1ea   0x0800c1ea   0x0000000a   Code   RO         3040    i.osKernelStart     cmsis_os.o
    0x0800c1f4   0x0800c1f4   0x00000018   Code   RO         3041    i.osKernelSysTick   cmsis_os.o
    0x0800c20c   0x0800c20c   0x00000058   Code   RO         3074    i.osThreadCreate    cmsis_os.o
    0x0800c264   0x0800c264   0x00000078   Code   RO         2661    i.prvAddCurrentTaskToDelayedList  tasks.o
    0x0800c2dc   0x0800c2dc   0x00000088   Code   RO         2662    i.prvAddNewTaskToReadyList  tasks.o
    0x0800c364   0x0800c364   0x0000003c   Code   RO         2663    i.prvCheckTasksWaitingTermination  tasks.o
    0x0800c3a0   0x0800c3a0   0x00000040   Code   RO         2664    i.prvDeleteTCB      tasks.o
    0x0800c3e0   0x0800c3e0   0x0000004c   Code   RO         3414    i.prvHeapInit       heap_4.o
    0x0800c42c   0x0800c42c   0x00000028   Code   RO         2665    i.prvIdleTask       tasks.o
    0x0800c454   0x0800c454   0x000000ac   Code   RO         2666    i.prvInitialiseNewTask  tasks.o
    0x0800c500   0x0800c500   0x00000058   Code   RO         2667    i.prvInitialiseTaskLists  tasks.o
    0x0800c558   0x0800c558   0x00000054   Code   RO         3415    i.prvInsertBlockIntoFreeList  heap_4.o
    0x0800c5ac   0x0800c5ac   0x00000024   Code   RO         2668    i.prvResetNextTaskUnblockTime  tasks.o
    0x0800c5d0   0x0800c5d0   0x0000002c   Code   RO         3483    i.prvTaskExitError  port.o
    0x0800c5fc   0x0800c5fc   0x000000dc   Code   RO         3416    i.pvPortMalloc      heap_4.o
    0x0800c6d8   0x0800c6d8   0x00000024   Code   RO         3484    i.pxPortInitialiseStack  port.o
    0x0800c6fc   0x0800c6fc   0x0000006e   Code   RO         8854    i.sqrt              m_wm.l(sqrt_full.o)
    0x0800c76a   0x0800c76a   0x0000003e   Code   RO         8860    i.sqrtf             m_wm.l(sqrtf_full.o)
    0x0800c7a8   0x0800c7a8   0x00000028   Code   RO         1354    i.uint_to_float     motor.o
    0x0800c7d0   0x0800c7d0   0x00000026   Code   RO         2283    i.uxListRemove      list.o
    0x0800c7f6   0x0800c7f6   0x00000002   PAD
    0x0800c7f8   0x0800c7f8   0x00000018   Code   RO         1688    i.vApplicationGetIdleTaskMemory  freertos.o
    0x0800c810   0x0800c810   0x00000016   Code   RO         2284    i.vListInitialise   list.o
    0x0800c826   0x0800c826   0x00000006   Code   RO         2285    i.vListInitialiseItem  list.o
    0x0800c82c   0x0800c82c   0x00000030   Code   RO         2286    i.vListInsert       list.o
    0x0800c85c   0x0800c85c   0x00000018   Code   RO         2287    i.vListInsertEnd    list.o
    0x0800c874   0x0800c874   0x00000040   Code   RO         3486    i.vPortEnterCritical  port.o
    0x0800c8b4   0x0800c8b4   0x0000002c   Code   RO         3487    i.vPortExitCritical  port.o
    0x0800c8e0   0x0800c8e0   0x00000064   Code   RO         3417    i.vPortFree         heap_4.o
    0x0800c944   0x0800c944   0x00000024   Code   RO         3488    i.vPortSetupTimerInterrupt  port.o
    0x0800c968   0x0800c968   0x00000054   Code   RO         3489    i.vPortValidateInterruptPriority  port.o
    0x0800c9bc   0x0800c9bc   0x00000050   Code   RO         2681    i.vTaskDelay        tasks.o
    0x0800ca0c   0x0800ca0c   0x00000098   Code   RO         2682    i.vTaskDelayUntil   tasks.o
    0x0800caa4   0x0800caa4   0x00000088   Code   RO         2695    i.vTaskStartScheduler  tasks.o
    0x0800cb2c   0x0800cb2c   0x00000010   Code   RO         2697    i.vTaskSuspendAll   tasks.o
    0x0800cb3c   0x0800cb3c   0x00000060   Code   RO         2698    i.vTaskSwitchContext  tasks.o
    0x0800cb9c   0x0800cb9c   0x00000040   Code   RO         1013    i.verify_CRC16_check_sum  crc.o
    0x0800cbdc   0x0800cbdc   0x0000002e   Code   RO         1014    i.verify_CRC8_check_sum  crc.o
    0x0800cc0a   0x0800cc0a   0x00000002   PAD
    0x0800cc0c   0x0800cc0c   0x000000f4   Code   RO         3490    i.xPortStartScheduler  port.o
    0x0800cd00   0x0800cd00   0x00000064   Code   RO         2702    i.xTaskCreate       tasks.o
    0x0800cd64   0x0800cd64   0x0000005c   Code   RO         2703    i.xTaskCreateStatic  tasks.o
    0x0800cdc0   0x0800cdc0   0x0000000c   Code   RO         2709    i.xTaskGetTickCount  tasks.o
    0x0800cdcc   0x0800cdcc   0x00000010   Code   RO         2710    i.xTaskGetTickCountFromISR  tasks.o
    0x0800cddc   0x0800cddc   0x000000d0   Code   RO         2711    i.xTaskIncrementTick  tasks.o
    0x0800ceac   0x0800ceac   0x000000cc   Code   RO         2717    i.xTaskResumeAll    tasks.o
    0x0800cf78   0x0800cf78   0x00000018   Code   RO         8746    x$fpl$basic         g_wm.l(basic.o)
    0x0800cf90   0x0800cf90   0x000002c4   Code   RO         8422    x$fpl$d2f           g_wm.l(d2f_clz.o)
    0x0800d254   0x0800d254   0x0000024c   Code   RO         8424    x$fpl$dadd          g_wm.l(daddsub_clz.o)
    0x0800d4a0   0x0800d4a0   0x0000001c   Code   RO         8940    x$fpl$dcheck1       g_wm.l(dcheck1.o)
    0x0800d4bc   0x0800d4bc   0x00000018   Code   RO         8748    x$fpl$dcmpinf       g_wm.l(dcmpi.o)
    0x0800d4d4   0x0800d4d4   0x0000037c   Code   RO         8431    x$fpl$ddiv          g_wm.l(ddiv_clz.o)
    0x0800d850   0x0800d850   0x0000002e   Code   RO         8435    x$fpl$dflt          g_wm.l(dflt_clz.o)
    0x0800d87e   0x0800d87e   0x0000001a   Code   RO         8436    x$fpl$dfltn         g_wm.l(dflt_clz.o)
    0x0800d898   0x0800d898   0x00000078   Code   RO         8440    x$fpl$dleqf         g_wm.l(dleqf.o)
    0x0800d910   0x0800d910   0x000001c0   Code   RO         8442    x$fpl$dmul          g_wm.l(dmul_clz.o)
    0x0800dad0   0x0800dad0   0x00000102   Code   RO         8756    x$fpl$dnaninf       g_wm.l(dnaninf.o)
    0x0800dbd2   0x0800dbd2   0x00000070   Code   RO         8758    x$fpl$drenorm       g_wm.l(drenorm_clz.o)
    0x0800dc42   0x0800dc42   0x0000000c   Code   RO         8760    x$fpl$dretinf       g_wm.l(dretinf.o)
    0x0800dc4e   0x0800dc4e   0x00000062   Code   RO         8762    x$fpl$drleqf        g_wm.l(drleqf.o)
    0x0800dcb0   0x0800dcb0   0x00000050   Code   RO         8425    x$fpl$drsb          g_wm.l(daddsub_clz.o)
    0x0800dd00   0x0800dd00   0x00000208   Code   RO         8942    x$fpl$dsqrt         g_wm.l(dsqrt_umaalclz.o)
    0x0800df08   0x0800df08   0x0000029c   Code   RO         8426    x$fpl$dsub          g_wm.l(daddsub_clz.o)
    0x0800e1a4   0x0800e1a4   0x0000017a   Code   RO         8764    x$fpl$dunder        g_wm.l(dunder_clz.o)
    0x0800e31e   0x0800e31e   0x00000002   PAD
    0x0800e320   0x0800e320   0x000001ec   Code   RO         8766    x$fpl$exception     g_wm.l(except.o)
    0x0800e50c   0x0800e50c   0x0000007a   Code   RO         8444    x$fpl$f2d           g_wm.l(f2d.o)
    0x0800e586   0x0800e586   0x000000f2   Code   RO         8768    x$fpl$fnaninf       g_wm.l(fnaninf.o)
    0x0800e678   0x0800e678   0x0000000a   Code   RO         8944    x$fpl$fpinit        g_wm.l(fpinit.o)
    0x0800e682   0x0800e682   0x0000000a   Code   RO         8770    x$fpl$fretinf       g_wm.l(fretinf.o)
    0x0800e68c   0x0800e68c   0x0000013c   Code   RO         8772    x$fpl$funder        g_wm.l(funder_clz.o)
    0x0800e7c8   0x0800e7c8   0x00000020   Code   RO         8774    x$fpl$ieeestatus    g_wm.l(istatus.o)
    0x0800e7e8   0x0800e7e8   0x000000b2   Code   RO         8946    x$fpl$retnan        g_wm.l(retnan.o)
    0x0800e89a   0x0800e89a   0x00000002   PAD
    0x0800e89c   0x0800e89c   0x00000114   Code   RO         8784    x$fpl$scalbn        g_wm.l(scalbn_clz.o)
    0x0800e9b0   0x0800e9b0   0x0000007e   Code   RO         8786    x$fpl$trapveneer    g_wm.l(trapv.o)
    0x0800ea2e   0x0800ea2e   0x00000000   Code   RO         8788    x$fpl$usenofp       g_wm.l(usenofp.o)
    0x0800ea2e   0x0800ea2e   0x00000300   Data   RO         1016    .constdata          crc.o
    0x0800ed2e   0x0800ed2e   0x00000002   PAD
    0x0800ed30   0x0800ed30   0x0000008c   Data   RO         1690    .constdata          freertos.o
    0x0800edbc   0x0800edbc   0x00000010   Data   RO         2155    .constdata          system_stm32f4xx.o
    0x0800edcc   0x0800edcc   0x00000008   Data   RO         2156    .constdata          system_stm32f4xx.o
    0x0800edd4   0x0800edd4   0x00000008   Data   RO         4676    .constdata          stm32f4xx_hal_dma.o
    0x0800eddc   0x0800eddc   0x00000804   Data   RO         8319    .constdata          arm_cortexM4lf_math.lib(arm_common_tables.o)
    0x0800f5e0   0x0800f5e0   0x00000088   Data   RO         8529    .constdata          m_wm.l(pow.o)
    0x0800f668   0x0800f668   0x00000140   Data   RO         8543    .constdata          m_wm.l(powf.o)
    0x0800f7a8   0x0800f7a8   0x00000008   Data   RO         8840    .constdata          m_wm.l(qnan.o)
    0x0800f7b0   0x0800f7b0   0x00000050   Data   RO         1691    .conststring        freertos.o
    0x0800f800   0x0800f800   0x00000020   Data   RO         9079    Region$$Table       anon$$obj.o


    Execution Region RW_IRAM1 (Exec base: 0x20000000, Load base: 0x0800f820, Size: 0x0000d1f8, Max: 0x0001c000, ABSOLUTE, COMPRESSED[0x000001a8])

    Exec Addr    Load Addr    Size         Type   Attr      Idx    E Section Name        Object

    0x20000000   COMPRESSED   0x0000000c   Data   RW          162    .data               can_task.o
    0x2000000c   COMPRESSED   0x000000c8   Data   RW          432    .data               control_task.o
    0x200000d4   COMPRESSED   0x00000178   Data   RW          488    .data               vmc_task.o
    0x2000024c   COMPRESSED   0x00000144   Data   RW          555    .data               ins_task.o
    0x20000390   COMPRESSED   0x00000090   Data   RW          614    .data               bsp_can.o
    0x20000420   COMPRESSED   0x00000024   Data   RW          616    .data               bsp_can.o
    0x20000444   COMPRESSED   0x0000000c   Data   RW          618    .data               bsp_can.o
    0x20000450   COMPRESSED   0x00000002   Data   RW         1017    .data               crc.o
    0x20000452   COMPRESSED   0x00000002   PAD
    0x20000454   COMPRESSED   0x0000002c   Data   RW         1231    .data               bmi088.o
    0x20000480   COMPRESSED   0x00000030   Data   RW         1283    .data               minipc.o
    0x200004b0   COMPRESSED   0x00000050   Data   RW         1355    .data               motor.o
    0x20000500   COMPRESSED   0x00000078   Data   RW         1356    .data               motor.o
    0x20000578   COMPRESSED   0x000000e0   Data   RW         1357    .data               motor.o
    0x20000658   COMPRESSED   0x00000060   Data   RW         1358    .data               motor.o
    0x200006b8   COMPRESSED   0x0000001c   Data   RW         1472    .data               remote_control.o
    0x200006d4   COMPRESSED   0x00000014   Data   RW         1692    .data               freertos.o
    0x200006e8   COMPRESSED   0x00000004   Data   RW         1753    .data               can.o
    0x200006ec   COMPRESSED   0x00000004   Data   RW         2157    .data               system_stm32f4xx.o
    0x200006f0   COMPRESSED   0x0000003c   Data   RW         2720    .data               tasks.o
    0x2000072c   COMPRESSED   0x00000020   Data   RW         3423    .data               heap_4.o
    0x2000074c   COMPRESSED   0x0000000c   Data   RW         3491    .data               port.o
    0x20000758   COMPRESSED   0x0000000c   Data   RW         5103    .data               stm32f4xx_hal.o
    0x20000764   COMPRESSED   0x0000001c   Data   RW         7282    .data               usbd_desc.o
    0x20000780   COMPRESSED   0x00000032   Data   RW         7283    .data               usbd_desc.o
    0x200007b2   COMPRESSED   0x00000002   PAD
    0x200007b4   COMPRESSED   0x00000014   Data   RW         7357    .data               usbd_cdc_if.o
    0x200007c8   COMPRESSED   0x00000001   Data   RW         7791    .data               usbd_ctlreq.o
    0x200007c9   COMPRESSED   0x00000003   PAD
    0x200007cc   COMPRESSED   0x00000053   Data   RW         7954    .data               usbd_cdc.o
    0x2000081f   COMPRESSED   0x00000001   PAD
    0x20000820   COMPRESSED   0x00000038   Data   RW         7955    .data               usbd_cdc.o
    0x20000858        -       0x00000064   Zero   RW          487    .bss                vmc_task.o
    0x200008bc        -       0x0000029c   Zero   RW          554    .bss                ins_task.o
    0x20000b58        -       0x0000001c   Zero   RW          613    .bss                bsp_can.o
    0x20000b74        -       0x00000028   Zero   RW         1123    .bss                lpf.o
    0x20000b9c        -       0x0000003c   Zero   RW         1230    .bss                bmi088.o
    0x20000bd8        -       0x000000c8   Zero   RW         1428    .bss                referee_info.o
    0x20000ca0        -       0x00000035   Zero   RW         1429    .bss                referee_info.o
    0x20000cd5        -       0x00000048   Zero   RW         1470    .bss                remote_control.o
    0x20000d1d   COMPRESSED   0x00000003   PAD
    0x20000d20        -       0x00000454   Zero   RW         1689    .bss                freertos.o
    0x20001174        -       0x00000050   Zero   RW         1752    .bss                can.o
    0x200011c4        -       0x00000058   Zero   RW         1824    .bss                spi.o
    0x2000121c        -       0x00000090   Zero   RW         1868    .bss                tim.o
    0x200012ac        -       0x000001a8   Zero   RW         1921    .bss                usart.o
    0x20001454        -       0x00000048   Zero   RW         2110    .bss                stm32f4xx_hal_timebase_tim.o
    0x2000149c        -       0x000000f0   Zero   RW         2719    .bss                tasks.o
    0x2000158c        -       0x00006000   Zero   RW         3422    .bss                heap_4.o
    0x2000758c        -       0x000002dc   Zero   RW         7242    .bss                usb_device.o
    0x20007868        -       0x00000200   Zero   RW         7281    .bss                usbd_desc.o
    0x20007a68        -       0x00001000   Zero   RW         7356    .bss                usbd_cdc_if.o
    0x20008a68        -       0x0000072c   Zero   RW         7438    .bss                usbd_conf.o
    0x20009194        -       0x00000060   Zero   RW         8879    .bss                c_w.l(libspace.o)
    0x200091f4   COMPRESSED   0x00000004   PAD
    0x200091f8        -       0x00002000   Zero   RW         2144    HEAP                startup_stm32f407xx.o
    0x2000b1f8        -       0x00002000   Zero   RW         2143    STACK               startup_stm32f407xx.o


    Execution Region RW_IRAM2 (Exec base: 0x2001c000, Load base: 0x0800f9c8, Size: 0x00000000, Max: 0x00004000, ABSOLUTE)

    **** No section assigned to this execution region ****


==============================================================================

Image component sizes


      Code (inc. data)   RO Data    RW Data    ZI Data      Debug   Object Name

      2726         84          0          0          0      28572   api_quaternion.o
         0          0          0          0          0      13404   api_trajectory.o
      1020         34          0         44         60       9153   bmi088.o
       508         58          0        192         28       5028   bsp_can.o
        64         24          0          0          0       1886   bsp_gpio.o
        26          0          0          0          0       6319   bsp_mcu.o
        36          4          0          0          0        589   bsp_spi.o
        70          0          0          0          0       1654   bsp_tick.o
        68         10          0          0          0       1880   bsp_tim.o
       476         42          0          0          0       3646   bsp_uart.o
       400         46          0          4         80       2594   can.o
       604         72          0         12          0     750056   can_task.o
       182          0          0          0          0      30196   cmsis_os.o
      2650        430          0        200          0       5937   control_task.o
       186         12        768          2          0       3941   crc.o
         6          0          0          0          0        538   detect_task.o
        92          4          0          0          0        854   dma.o
         0          0          0          0          0      14216   event_groups.o
       152         16        220         20       1108       2475   freertos.o
       228         16          0          0          0       1103   gpio.o
       480         26          0         32      24576       7659   heap_4.o
       564         72          0        324        668       6561   ins_task.o
      1712          0          0          0          0       5764   kalman.o
       138          0          0          0          0       3670   list.o
       200         12          0          0         40       3749   lpf.o
       228         10          0          0          0       2840   main.o
        48          4          0         48          0       4206   minipc.o
       932         72          0        520          0       8869   motor.o
       594         18          0          0          0       8426   pid.o
       786         84          0         12          0      12133   port.o
        62          0          0          0          0        826   ramp.o
       540          6          0          0        253      10122   referee_info.o
       200          0          0         28         72       5251   remote_control.o
       216         26          0          0         88       1813   spi.o
        64         26        392          0      16384        828   startup_stm32f407xx.o
       116         18          0         12          0       8826   stm32f4xx_hal.o
      1770          6          0          0          0      14963   stm32f4xx_hal_can.o
       158         14          0          0          0      33326   stm32f4xx_hal_cortex.o
      1018         14          8          0          0       5931   stm32f4xx_hal_dma.o
       504         50          0          0          0       3580   stm32f4xx_hal_gpio.o
        56          4          0          0          0        886   stm32f4xx_hal_msp.o
      2624         14          0          0          0      14576   stm32f4xx_hal_pcd.o
        76          0          0          0          0       2565   stm32f4xx_hal_pcd_ex.o
      1578         96          0          0          0       8800   stm32f4xx_hal_rcc.o
       954         14          0          0          0       4817   stm32f4xx_hal_spi.o
      2084        140          0          0          0      17292   stm32f4xx_hal_tim.o
       148         30          0          0          0       2589   stm32f4xx_hal_tim_ex.o
       152         18          0          0         72       1599   stm32f4xx_hal_timebase_tim.o
      1346         16          0          0          0       9219   stm32f4xx_hal_uart.o
       130         54          0          0          0       7762   stm32f4xx_it.o
      2970        138          0          0          0      25015   stm32f4xx_ll_usb.o
        16          4         24          4          0       1175   system_stm32f4xx.o
      1828        140          0         60        240      23610   tasks.o
       464         54          0          0        144       3243   tim.o
       548         60          0          0        424       2844   usart.o
       128         22          0          0        732        900   usb_device.o
      1344         34          0        139          0      14087   usbd_cdc.o
        84         16          0         20       4096       3574   usbd_cdc_if.o
       658         22          0          0       1836      17344   usbd_conf.o
      1028          0          0          0          0      16733   usbd_core.o
      1902         30          0          1          0      18368   usbd_ctlreq.o
       358        112          0         78        512       7085   usbd_desc.o
       132          0          0          0          0       4632   usbd_ioreq.o
       836         42          0        376        100       8162   vmc_task.o

    ----------------------------------------------------------------------
     41342       2370       1446       2136      51516    1250261   Object Totals
         0          0         32          0          0          0   (incl. Generated)
        74          0          2          8          3          0   (incl. Padding)

    ----------------------------------------------------------------------

      Code (inc. data)   RO Data    RW Data    ZI Data      Debug   Library Member Name

         0          0       2052          0          0       4704   arm_common_tables.o
       120         12          0          0          0      17170   arm_cos_f32.o
       264          0          0          0          0       1826   arm_mat_add_f32.o
         8          0          0          0          0        999   arm_mat_init_f32.o
      1328          4          0          0          0       4782   arm_mat_inverse_f32.o
       316          4          0          0          0       2375   arm_mat_mult_f32.o
       264          0          0          0          0       1826   arm_mat_sub_f32.o
       276          0          0          0          0       2240   arm_mat_trans_f32.o
       148         18          0          0          0        814   arm_sin_f32.o
        90          0          0          0          0          0   __dczerorl2.o
         8          0          0          0          0         68   __main.o
         0          0          0          0          0          0   __rtentry.o
        12          0          0          0          0          0   __rtentry2.o
         6          0          0          0          0          0   __rtentry4.o
        52          8          0          0          0          0   __scatter.o
        28          0          0          0          0          0   __scatter_zi.o
        48          4          0          0          0         84   _fptrap.o
        22          0          0          0          0        100   _rserrno.o
        16          0          0          0          0         68   aeabi_memset.o
        10          0          0          0          0         68   defsig_exit.o
       172        110          0          0          0         76   defsig_fpe_inner.o
        14          0          0          0          0         80   defsig_fpe_outer.o
        50          0          0          0          0         88   defsig_general.o
        80         58          0          0          0         76   defsig_rtmem_inner.o
        14          0          0          0          0         80   defsig_rtmem_outer.o
        18          0          0          0          0         80   exit.o
        94          0          0          0          0         80   h1_alloc.o
        52          0          0          0          0         68   h1_extend.o
        78          0          0          0          0         80   h1_free.o
        14          0          0          0          0         84   h1_init.o
         6          0          0          0          0        152   heapauxi.o
         4          0          0          0          0        136   hguard.o
         0          0          0          0          0          0   indicate_semi.o
       138          0          0          0          0        168   init_alloc.o
         2          0          0          0          0          0   libinit.o
        14          0          0          0          0          0   libinit2.o
         2          0          0          0          0          0   libshutdown.o
         2          0          0          0          0          0   libshutdown2.o
         8          4          0          0         96         68   libspace.o
       238          0          0          0          0        100   lludivv7m.o
         0          0          0          0          0          0   maybetermalloc1.o
         8          4          0          0          0         68   rt_errno_addr_intlibspace.o
         8          4          0          0          0         68   rt_heap_descriptor_intlibspace.o
        68          0          0          0          0         68   rt_memclr.o
        78          0          0          0          0         80   rt_memclr_w.o
       138          0          0          0          0         68   rt_memcpy_v6.o
       100          0          0          0          0         80   rt_memcpy_w.o
         2          0          0          0          0          0   rtexit.o
        10          0          0          0          0          0   rtexit2.o
        12          4          0          0          0         68   sys_exit.o
        74          0          0          0          0         80   sys_stackheap_outer.o
        14          0          0          0          0         76   sys_wrch.o
         2          0          0          0          0         68   use_no_semi.o
        24          0          0          0          0        164   basic.o
       708         16          0          0          0        140   d2f_clz.o
      1336         32          0          0          0        532   daddsub_clz.o
        28          0          0          0          0        116   dcheck1.o
        24          0          0          0          0        116   dcmpi.o
       892        152          0          0          0        292   ddiv_clz.o
        72          0          0          0          0        232   dflt_clz.o
       120          8          0          0          0        140   dleqf.o
       448         16          0          0          0        164   dmul_clz.o
       258          4          0          0          0        156   dnaninf.o
       112          0          0          0          0        160   drenorm_clz.o
        12          0          0          0          0        116   dretinf.o
        98          0          0          0          0        128   drleqf.o
       520         56          0          0          0        180   dsqrt_umaalclz.o
       378          0          0          0          0        168   dunder_clz.o
       492         36          0          0          0        148   except.o
       122          8          0          0          0        132   f2d.o
       242          4          0          0          0        144   fnaninf.o
        10          0          0          0          0        116   fpinit.o
        10          0          0          0          0        116   fretinf.o
       316          0          0          0          0        132   funder_clz.o
        32          4          0          0          0        116   istatus.o
       178          0          0          0          0        116   retnan.o
       276          4          0          0          0        124   scalbn_clz.o
       126          0          0          0          0        148   trapv.o
         0          0          0          0          0          0   usenofp.o
       280         46          0          0          0        176   acosf.o
       300         42          0          0          0        176   asinf.o
       684         90          0          0          0        208   atan2f.o
       164         44          0          0          0        620   dunder.o
        24          0          0          0          0        124   fabs.o
        48          0          0          0          0        124   fpclassify.o
        38          0          0          0          0        116   fpclassifyf.o
        80         24          0          0          0        696   funder.o
       248          0          0          0          0        152   poly.o
      3152        296        136          0          0        352   pow.o
      1636        110        320          0          0        372   powf.o
         0          0          8          0          0          0   qnan.o
       110          0          0          0          0        148   sqrt_full.o
        62          0          0          0          0        136   sqrtf_full.o

    ----------------------------------------------------------------------
     18216       1230       2516          0        100      46760   Library Totals
        26          4          0          0          4          0   (incl. Padding)

    ----------------------------------------------------------------------

      Code (inc. data)   RO Data    RW Data    ZI Data      Debug   Library Name

      2724         38       2052          0          0      36736   arm_cortexM4lf_math.lib
      1806        196          0          0         96       2528   c_w.l
      6834        340          0          0          0       4096   g_wm.l
      6826        652        464          0          0       3400   m_wm.l

    ----------------------------------------------------------------------
     18216       1230       2516          0        100      46760   Library Totals

    ----------------------------------------------------------------------

==============================================================================


      Code (inc. data)   RO Data    RW Data    ZI Data      Debug   

     59558       3600       3962       2136      51616    1250817   Grand Totals
     59558       3600       3962        424      51616    1250817   ELF Image Totals (compressed)
     59558       3600       3962        424          0          0   ROM Totals

==============================================================================

    Total RO  Size (Code + RO Data)                63520 (  62.03kB)
    Total RW  Size (RW Data + ZI Data)             53752 (  52.49kB)
    Total ROM Size (Code + RO Data + RW Data)      63944 (  62.45kB)

==============================================================================

